<html>
<body>
<pre>
<h1>µVision Build Log</h1>
<h2>Tool Versions:</h2>
IDE-Version: µVision V5.15
Copyright (C) 2015 ARM Ltd and ARM Germany GmbH. All rights reserved.
License Information: asADa kang.liu77@gmail.com, asdADSa, LIC=----
 
Tool Versions:
Toolchain:       MDK-Lite  Version: 5.15.0
Toolchain Path:  C:\Keil_v5\ARM\ARMCC\Bin
C Compiler:      Armcc.exe V5.05 update 2 (build 169)
Assembler:       Armasm.exe V5.05 update 2 (build 169)
Linker/Locator:  ArmLink.exe V5.05 update 2 (build 169)
Library Manager: ArmAr.exe V5.05 update 2 (build 169)
Hex Converter:   FromElf.exe V5.05 update 2 (build 169)
CPU DLL:         SARMCM3.DLL V5.15.0
Dialog DLL:      DCM.DLL V1.13.2.0
Target DLL:      Segger\JL2CM3.dll V2.99.15.0
Dialog DLL:      TCM.DLL V1.14.5.0
 
<h2>Project:</h2>
C:\work\download\andar\adt3102_project_embed_peng\app\adt3102_hare_people_counting\adt3102_hare_people_counting_dev\adt3102_hare_people_counting.uvprojx
Project File Date:  11/15/2021

<h2>Output:</h2>
*** Using Compiler 'V5.05 update 2 (build 169)', folder: 'C:\Keil_v5\ARM\ARMCC\Bin'
Rebuild target 'adt3102_gesture_far'
assembling arm_bitreversal2.S...
assembling startup_CMSDK_CM3.s...
compiling main.c...
compiling adt3102_inthandler.c...
compiling proc_counting.c...
compiling db_scan.c...
compiling track.c...
compiling adt3102_adc.c...
compiling adt3102_dma.c...
compiling adt3102_dsp.c...
compiling adt3102_gpio.c...
compiling adt3102_i2c.c...
compiling adt3102_pmu.c...
compiling adt3102_rtc.c...
compiling adt3102_rx.c...
compiling adt3102_spi.c...
compiling adt3102_system.c...
compiling adt3102_timer.c...
compiling adt3102_trng.c...
compiling adt3102_tx.c...
compiling adt3102_uart.c...
compiling adt3102_watchdog.c...
compiling adt3102_memscheduling.c...
compiling adt3102_sagc.c...
compiling TinyFrame.c...
compiling adt3102_utilities.c...
compiling adt3102_udp.c...
compiling socket.c...
compiling w5500.c...
compiling wizchip_conf.c...
compiling adt3102_adc_sample.c...
compiling adt3102_phase_cal.c...
compiling static_remove.c...
linking...
Program Size: Code=31604 RO-data=812 RW-data=200 ZI-data=180652  
FromELF: creating hex file...
After Build - User command #1: C:\Keil_v5\ARM\ARMCC\bin\fromelf.exe --bin -o .\Target_flash_eeprom.bin .\Objects\*.axf
After Build - User command #2: ../../bin_add_info.exe
".\Objects\adt3102_gesture_far.axf" - 0 Error(s), 0 Warning(s).

<h2>Collection of Component include folders:</h2>
  C:\work\download\andar\adt3102_project_embed_peng\app\adt3102_hare_people_counting\adt3102_hare_people_counting_dev\RTE
  C:\Keil_v5\ARM\PACK\ARM\CMSIS\4.3.0\Device\ARM\ARMCM3\Include

<h2>Collection of Component Files used:</h2>
</pre>
</body>
</html>
