Component: ARM Compiler 5.05 update 2 (build 169) Tool: armlink [4d0f33]

==============================================================================

Section Cross References

    startup_cmsdk_cm3.o(RESET) refers to startup_cmsdk_cm3.o(STACK) for __initial_sp
    startup_cmsdk_cm3.o(RESET) refers to startup_cmsdk_cm3.o(.text) for Reset_Handler
    startup_cmsdk_cm3.o(RESET) refers to adt3102_inthandler.o(i.NMI_Handler) for NMI_Handler
    startup_cmsdk_cm3.o(RESET) refers to adt3102_inthandler.o(i.uart0Handler) for uart0Handler
    startup_cmsdk_cm3.o(RESET) refers to adt3102_inthandler.o(i.uart1Handler) for uart1Handler
    startup_cmsdk_cm3.o(RESET) refers to adt3102_inthandler.o(i.uart2Handler) for uart2Handler
    startup_cmsdk_cm3.o(RESET) refers to adt3102_inthandler.o(i.timer0Handler) for timer0Handler
    startup_cmsdk_cm3.o(RESET) refers to adt3102_inthandler.o(i.timer1Handler) for timer1Handler
    startup_cmsdk_cm3.o(RESET) refers to adt3102_inthandler.o(i.dualtimer0Handler) for dualtimer0Handler
    startup_cmsdk_cm3.o(RESET) refers to adt3102_inthandler.o(i.uartOverflowHandler) for uartOverflowHandler
    startup_cmsdk_cm3.o(RESET) refers to adt3102_inthandler.o(i.pmuHandler) for pmuHandler
    startup_cmsdk_cm3.o(RESET) refers to adt3102_inthandler.o(i.spi0Handler) for spi0Handler
    startup_cmsdk_cm3.o(RESET) refers to adt3102_inthandler.o(i.spi1Handler) for spi1Handler
    startup_cmsdk_cm3.o(RESET) refers to adt3102_inthandler.o(i.rtcHandler) for rtcHandler
    startup_cmsdk_cm3.o(RESET) refers to adt3102_inthandler.o(i.i2c0Handler) for i2c0Handler
    startup_cmsdk_cm3.o(RESET) refers to adt3102_inthandler.o(i.i2c1Handler) for i2c1Handler
    startup_cmsdk_cm3.o(RESET) refers to adt3102_inthandler.o(i.fftHandler) for fftHandler
    startup_cmsdk_cm3.o(RESET) refers to adt3102_inthandler.o(i.gpioHandler) for gpioHandler
    startup_cmsdk_cm3.o(RESET) refers to adt3102_inthandler.o(i.dma0Handler) for dma0Handler
    startup_cmsdk_cm3.o(RESET) refers to adt3102_inthandler.o(i.dma1Handler) for dma1Handler
    startup_cmsdk_cm3.o(RESET) refers to adt3102_inthandler.o(i.trngHandler) for trngHandler
    startup_cmsdk_cm3.o(.text) refers to adt3102_system.o(i.SystemInit) for SystemInit
    startup_cmsdk_cm3.o(.text) refers to entry.o(.ARM.Collect$$$$00000000) for __main
    main.o(i.main) refers to adt3102_system.o(i.MY_NVIC_SetVectorTable) for MY_NVIC_SetVectorTable
    main.o(i.main) refers to adt3102_system.o(i.setInterrupt) for setInterrupt
    main.o(i.main) refers to adt3102_system.o(i.ledInit) for ledInit
    main.o(i.main) refers to adt3102_pmu.o(i.adt3102PowerSw) for adt3102PowerSw
    main.o(i.main) refers to adt3102_system.o(i.adt3102DigiInit) for adt3102DigiInit
    main.o(i.main) refers to adt3102_system.o(i.adt3102RfInit) for adt3102RfInit
    main.o(i.main) refers to adt3102_system.o(i.adt3102Analog) for adt3102Analog
    main.o(i.main) refers to adt3102_adc.o(i.adt3102AdcSetting) for adt3102AdcSetting
    main.o(i.main) refers to adt3102_system.o(i.switch125MHclk) for switch125MHclk
    main.o(i.main) refers to adt3102_uart.o(i.uartInit) for uartInit
    main.o(i.main) refers to adt3102_timer.o(i.timerInit) for timerInit
    main.o(i.main) refers to adt3102_gpio.o(i.gpioDirection) for gpioDirection
    main.o(i.main) refers to track.o(i.func_track_init) for func_track_init
    main.o(i.main) refers to adt3102_uart.o(i.printfDebug) for printfDebug
    main.o(i.main) refers to adt3102_timer.o(i.timerOff) for timerOff
    main.o(i.main) refers to adt3102_tx.o(i.txPaEnable) for txPaEnable
    main.o(i.main) refers to adt3102_adc.o(i.adcSampleStart) for adcSampleStart
    main.o(i.main) refers to adt3102_sagc.o(i.sAgc) for sAgc
    main.o(i.main) refers to adt3102_rx.o(i.rfTiaGainSetting) for rfTiaGainSetting
    main.o(i.main) refers to adt3102_rx.o(i.rfVgaGainSetting) for rfVgaGainSetting
    main.o(i.main) refers to adt3102_memscheduling.o(i.memScheduling) for memScheduling
    main.o(i.main) refers to adt3102_dsp.o(i.fftProcess) for fftProcess
    main.o(i.main) refers to adt3102_dsp.o(i.velocityFftProcess) for velocityFftProcess
    main.o(i.main) refers to adt3102_dsp.o(i.absAdt3102) for absAdt3102
    main.o(i.main) refers to proc_counting.o(i.dopplerSwapMimo) for dopplerSwapMimo
    main.o(i.main) refers to dfltui.o(.text) for __aeabi_ui2d
    main.o(i.main) refers to pow.o(i.pow) for pow
    main.o(i.main) refers to f2d.o(.text) for __aeabi_f2d
    main.o(i.main) refers to dmul.o(.text) for __aeabi_dmul
    main.o(i.main) refers to round.o(i.round) for round
    main.o(i.main) refers to dfixui.o(.text) for __aeabi_d2uiz
    main.o(i.main) refers to proc_counting.o(i.procCounting) for procCounting
    main.o(i.main) refers to ffltui.o(.text) for __aeabi_ui2f
    main.o(i.main) refers to main.o(.data) for .data
    main.o(i.main) refers to main.o(.ARM.__AT_0x20025000) for .ARM.__AT_0x20025000
    main.o(i.main) refers to track.o(.ARM.__AT_0x20024000) for tr_obj_list
[...]
    i.assert_failed                          0x0000abe8   Section        0  adt3102_uart.o(i.assert_failed)
    i.atan2f                                 0x0000ac20   Section        0  atan2f.o(i.atan2f)
    i.baseBandBiasSetting                    0x0000ae7c   Section        0  adt3102_adc.o(i.baseBandBiasSetting)
    i.baseband18LDO                          0x0000ae9c   Section        0  adt3102_tx.o(i.baseband18LDO)
    i.bias20GTo80G                           0x0000aed8   Section        0  adt3102_tx.o(i.bias20GTo80G)
    i.complexMultiply                        0x0000af10   Section        0  proc_counting.o(i.complexMultiply)
    i.cos                                    0x0000af6c   Section        0  cos.o(i.cos)
    i.cosf                                   0x0000b008   Section        0  cosf.o(i.cosf)
    i.createNode                             0x0000b184   Section        0  db_scan.o(i.createNode)
    i.dacEnBias1Pd                           0x0000b1c4   Section        0  adt3102_tx.o(i.dacEnBias1Pd)
    i.dataSampleConfig                       0x0000b1f0   Section        0  adt3102_adc.o(i.dataSampleConfig)
    i.dbScan                                 0x0000b214   Section        0  db_scan.o(i.dbScan)
    i.delayUs                                0x0000b278   Section        0  adt3102_system.o(i.delayUs)
    i.destroyEpsilonNeighbours               0x0000b2b4   Section        0  db_scan.o(i.destroyEpsilonNeighbours)
    i.detectPeaks                            0x0000b2d8   Section        0  proc_counting.o(i.detectPeaks)
    i.dma0Handler                            0x0000b594   Section        0  adt3102_inthandler.o(i.dma0Handler)
    i.dma1Handler                            0x0000b596   Section        0  adt3102_inthandler.o(i.dma1Handler)
    i.dmaConfig                              0x0000b598   Section        0  adt3102_dma.o(i.dmaConfig)
    i.dmaDisable                             0x0000b618   Section        0  adt3102_dma.o(i.dmaDisable)
    i.doAngFft                               0x0000b660   Section        0  proc_counting.o(i.doAngFft)
    i.dopplerSwapMimo                        0x0000b9e0   Section        0  proc_counting.o(i.dopplerSwapMimo)
    i.dualtimer0Handler                      0x0000ba1c   Section        0  adt3102_inthandler.o(i.dualtimer0Handler)
    i.dualtimerInit                          0x0000ba38   Section        0  adt3102_timer.o(i.dualtimerInit)
    i.euclideanDist                          0x0000ba4c   Section        0  db_scan.o(i.euclideanDist)
    i.expand                                 0x0000ba52   Section        0  db_scan.o(i.expand)
    i.fftHandler                             0x0000bb00   Section        0  adt3102_inthandler.o(i.fftHandler)
    i.fftProcess                             0x0000bb18   Section        0  adt3102_dsp.o(i.fftProcess)
    i.fftSingle                              0x0000bb5c   Section        0  adt3102_dsp.o(i.fftSingle)
    i.fmcwConfig                             0x0000bc4c   Section        0  adt3102_tx.o(i.fmcwConfig)
    i.fmcwEnmode                             0x0000c070   Section        0  adt3102_tx.o(i.fmcwEnmode)
    i.fmcwModeSel                            0x0000c0b0   Section        0  adt3102_tx.o(i.fmcwModeSel)
    i.fmin                                   0x0000c0d0   Section        0  fmin.o(i.fmin)
    i.fmod                                   0x0000c114   Section        0  fmod.o(i.fmod)
    i.fmodf                                  0x0000c1a8   Section        0  fmodf.o(i.fmodf)
    i.fputc                                  0x0000c214   Section        0  adt3102_uart.o(i.fputc)
    i.fputs                                  0x0000c224   Section        0  fputs.o(i.fputs)
    i.free                                   0x0000c23c   Section        0  malloc.o(i.free)
    i.func_track_clean                       0x0000c28c   Section        0  track.o(i.func_track_clean)
    i.func_track_init                        0x0000c29c   Section        0  track.o(i.func_track_init)
    i.func_track_update                      0x0000c318   Section        0  track.o(i.func_track_update)
    i.getEpsilonNeighbours                   0x0000c348   Section        0  db_scan.o(i.getEpsilonNeighbours)
    i.gpadcEnable                            0x0000c414   Section        0  adt3102_adc.o(i.gpadcEnable)
    i.gpioDirection                          0x0000c42c   Section        0  adt3102_gpio.o(i.gpioDirection)
    i.gpioHandler                            0x0000c44c   Section        0  adt3102_inthandler.o(i.gpioHandler)
    i.gpioOutput                             0x0000c458   Section        0  adt3102_gpio.o(i.gpioOutput)
    i.i2c0Handler                            0x0000c480   Section        0  adt3102_inthandler.o(i.i2c0Handler)
    i.i2c1Handler                            0x0000c482   Section        0  adt3102_inthandler.o(i.i2c1Handler)
    i.keep_still_obj                         0x0000c484   Section        0  track.o(i.keep_still_obj)
    keep_still_obj                           0x0000c485   Thumb Code   934  track.o(i.keep_still_obj)
    i.ledInit                                0x0000c838   Section        0  adt3102_system.o(i.ledInit)
    i.lnaDacBias                             0x0000c8c0   Section        0  adt3102_rx.o(i.lnaDacBias)
    i.lnaRegularBias                         0x0000c908   Section        0  adt3102_rx.o(i.lnaRegularBias)
    i.log                                    0x0000c934   Section        0  log.o(i.log)
    i.log10                                  0x0000cc90   Section        0  log10.o(i.log10)
    i.main                                   0x0000cd74   Section        0  main.o(i.main)
    i.malloc                                 0x0000d250   Section        0  malloc.o(i.malloc)
    i.mcuSleepConfig                         0x0000d2bc   Section        0  adt3102_pmu.o(i.mcuSleepConfig)
    i.memScheduling                          0x0000d30c   Section        0  adt3102_memscheduling.o(i.memScheduling)
    i.mixerEnable                            0x0000d344   Section        0  adt3102_rx.o(i.mixerEnable)
    i.perror                                 0x0000d370   Section        0  perror.o(i.perror)
    i.pgaHpfConfig                           0x0000d3b0   Section        0  adt3102_rx.o(i.pgaHpfConfig)
    i.pgaLpfConfig                           0x0000d41c   Section        0  adt3102_rx.o(i.pgaLpfConfig)
    i.phaseCal                               0x0000d454   Section        0  adt3102_phase_cal.o(i.phaseCal)
    i.plliConfig                             0x0000d504   Section        0  adt3102_tx.o(i.plliConfig)
    i.plliDacSetting                         0x0000d528   Section        0  adt3102_tx.o(i.plliDacSetting)
    i.plliLDOEnable                          0x0000d52c   Section        0  adt3102_tx.o(i.plliLDOEnable)
    i.plliLock                               0x0000d574   Section        0  adt3102_tx.o(i.plliLock)
    i.pllnConfig                             0x0000d5d8   Section        0  adt3102_tx.o(i.pllnConfig)
    i.pllnDacSetting                         0x0000d620   Section        0  adt3102_tx.o(i.pllnDacSetting)
    i.pllnLock                               0x0000d638   Section        0  adt3102_tx.o(i.pllnLock)
    i.pllnPllConfig                          0x0000d7e0   Section        0  adt3102_tx.o(i.pllnPllConfig)
    i.pllnVcoConfig                          0x0000d828   Section        0  adt3102_tx.o(i.pllnVcoConfig)
    i.pllnVcoEnable                          0x0000d860   Section        0  adt3102_tx.o(i.pllnVcoEnable)
    i.pmuHandler                             0x0000d880   Section        0  adt3102_inthandler.o(i.pmuHandler)
    i.pow                                    0x0000d88c   Section        0  pow.o(i.pow)
    i.printPoints                            0x0000e244   Section        0  db_scan.o(i.printPoints)
    i.printfDebug                            0x0000e31c   Section        0  adt3102_uart.o(i.printfDebug)
    i.procCounting                           0x0000e320   Section        0  proc_counting.o(i.procCounting)
    i.rc32kCalibration                       0x0000e3b8   Section        0  adt3102_pmu.o(i.rc32kCalibration)
    i.rcHpfConfig                            0x0000e438   Section        0  adt3102_rx.o(i.rcHpfConfig)
    i.rfBuff77GEnable                        0x0000e488   Section        0  adt3102_tx.o(i.rfBuff77GEnable)
    i.rfPgaGainCalEnable                     0x0000e4c0   Section        0  adt3102_rx.o(i.rfPgaGainCalEnable)
    i.rfPgaGainCalSetting                    0x0000e50c   Section        0  adt3102_rx.o(i.rfPgaGainCalSetting)
    i.rfPhaseShiftLUT                        0x0000e584   Section        0  adt3102_tx.o(i.rfPhaseShiftLUT)
    i.rfTiaDacBias                           0x0000e5b8   Section        0  adt3102_rx.o(i.rfTiaDacBias)
    i.rfTiaEnable                            0x0000e5d8   Section        0  adt3102_rx.o(i.rfTiaEnable)
    i.rfTiaGainSetting                       0x0000e60c   Section        0  adt3102_rx.o(i.rfTiaGainSetting)
    i.rfVgaDacBias                           0x0000e648   Section        0  adt3102_rx.o(i.rfVgaDacBias)
    i.rfVgaEnable                            0x0000e668   Section        0  adt3102_rx.o(i.rfVgaEnable)
    i.rfVgaGainSetting                       0x0000e69c   Section        0  adt3102_rx.o(i.rfVgaGainSetting)
    i.rfbuff20G                              0x0000e6d8   Section        0  adt3102_tx.o(i.rfbuff20G)
    i.round                                  0x0000e704   Section        0  round.o(i.round)
    i.rtcHandler                             0x0000e798   Section        0  adt3102_inthandler.o(i.rtcHandler)
    i.rtcInit                                0x0000e7b4   Section        0  adt3102_rtc.o(i.rtcInit)
    i.rxLnaEnable                            0x0000e7d4   Section        0  adt3102_rx.o(i.rxLnaEnable)
    i.sAgc                                   0x0000e800   Section        0  adt3102_sagc.o(i.sAgc)
    i.setInterrupt                           0x0000e904   Section        0  adt3102_system.o(i.setInterrupt)
    i.show_obj_cluster                       0x0000e91c   Section        0  track.o(i.show_obj_cluster)
    i.sin                                    0x0000e9c0   Section        0  sin.o(i.sin)
    i.sinf                                   0x0000ea60   Section        0  sinf.o(i.sinf)
    i.spi0Handler                            0x0000ebe8   Section        0  adt3102_inthandler.o(i.spi0Handler)
    i.spi1Handler                            0x0000ebea   Section        0  adt3102_inthandler.o(i.spi1Handler)
    i.spread                                 0x0000ebec   Section        0  db_scan.o(i.spread)
    i.sqrt                                   0x0000ec74   Section        0  sqrt.o(i.sqrt)
    i.sqrtf                                  0x0000ecc0   Section        0  sqrtf.o(i.sqrtf)
    i.switch125MHclk                         0x0000ecec   Section        0  adt3102_system.o(i.switch125MHclk)
    i.switch_to_plli                         0x0000ed0c   Section        0  adt3102_pmu.o(i.switch_to_plli)
    i.tiaHpfConfig                           0x0000ed28   Section        0  adt3102_rx.o(i.tiaHpfConfig)
    i.timer0Handler                          0x0000ed70   Section        0  adt3102_inthandler.o(i.timer0Handler)
    i.timer1Handler                          0x0000ed88   Section        0  adt3102_inthandler.o(i.timer1Handler)
    i.timerInit                              0x0000ee18   Section        0  adt3102_timer.o(i.timerInit)
    i.timerOff                               0x0000ee40   Section        0  adt3102_timer.o(i.timerOff)
    i.tinyFramefTx                           0x0000ee4a   Section        0  tinyframe.o(i.tinyFramefTx)
    i.track_step                             0x0000ee80   Section        0  track.o(i.track_step)
    i.tracking_all_clusters                  0x0000eec4   Section        0  track.o(i.tracking_all_clusters)
    i.trngHandler                            0x0000f9c4   Section        0  adt3102_inthandler.o(i.trngHandler)
    i.txPaBias                               0x0000f9dc   Section        0  adt3102_tx.o(i.txPaBias)
    i.txPaEnable                             0x0000fa14   Section        0  adt3102_tx.o(i.txPaEnable)
    i.uart0Handler                           0x0000fa40   Section        0  adt3102_inthandler.o(i.uart0Handler)
    i.uart1Handler                           0x0000fa5c   Section        0  adt3102_inthandler.o(i.uart1Handler)
    i.uart2Handler                           0x0000fa78   Section        0  adt3102_inthandler.o(i.uart2Handler)
    i.uartInit                               0x0000fa9c   Section        0  adt3102_uart.o(i.uartInit)
    i.uartOverflowHandler                    0x0000fb4c   Section        0  adt3102_inthandler.o(i.uartOverflowHandler)
    i.velocityFftProcess                     0x0000fb50   Section        0  adt3102_dsp.o(i.velocityFftProcess)
    i.vtuneRead                              0x0000fb94   Section        0  adt3102_tx.o(i.vtuneRead)
    .constdata                               0x0000fc28   Section       80  asin.o(.constdata)
    pS                                       0x0000fc28   Data          48  asin.o(.constdata)
    qS                                       0x0000fc58   Data          32  asin.o(.constdata)
    .constdata                               0x0000fc78   Section      136  pow.o(.constdata)
    bp                                       0x0000fc78   Data          16  pow.o(.constdata)
    dp_h                                     0x0000fc88   Data          16  pow.o(.constdata)
    dp_l                                     0x0000fc98   Data          16  pow.o(.constdata)
    L                                        0x0000fca8   Data          48  pow.o(.constdata)
    P                                        0x0000fcd8   Data          40  pow.o(.constdata)
    .constdata                               0x0000fd00   Section       48  cos_i.o(.constdata)
    C                                        0x0000fd00   Data          48  cos_i.o(.constdata)
    .constdata                               0x0000fd30   Section       56  log.o(.constdata)
    Lg2                                      0x0000fd30   Data          24  log.o(.constdata)
    Lg                                       0x0000fd48   Data          32  log.o(.constdata)
    .constdata                               0x0000fd68   Section        8  qnan.o(.constdata)
    .constdata                               0x0000fd70   Section      200  rred.o(.constdata)
    pio2s                                    0x0000fd70   Data          48  rred.o(.constdata)
    twooverpi                                0x0000fda0   Data         152  rred.o(.constdata)
    .constdata                               0x0000fe38   Section       32  rredf.o(.constdata)
    twooverpi                                0x0000fe38   Data          32  rredf.o(.constdata)
    .constdata                               0x0000fe58   Section       40  sin_i.o(.constdata)
    S                                        0x0000fe58   Data          40  sin_i.o(.constdata)
    .data                                    0x20000000   Section       48  main.o(.data)
    .data                                    0x20000030   Section        4  main.o(.data)
    .data                                    0x20000034   Section        4  main.o(.data)
    .data                                    0x20000038   Section        4  main.o(.data)
    .data                                    0x2000003c   Section        4  main.o(.data)
    .data                                    0x20000040   Section        4  main.o(.data)
    .data                                    0x20000044   Section        4  main.o(.data)
    .data                                    0x20000048   Section        4  main.o(.data)
    .data                                    0x2000004c   Section        4  main.o(.data)
    .data                                    0x20000050   Section        4  main.o(.data)
    .data                                    0x20000054   Section        4  main.o(.data)
    .data                                    0x20000058   Section        6  proc_counting.o(.data)
    s_resultN                                0x20000058   Data           2  proc_counting.o(.data)
    s_frameCnt                               0x2000005a   Data           2  proc_counting.o(.data)
    s_prevFrameCnt                           0x2000005c   Data           2  proc_counting.o(.data)
    .data                                    0x2000005e   Section        1  track.o(.data)
    is_Emptyframe                            0x2000005e   Data           1  track.o(.data)
    .data                                    0x20000060   Section       68  adt3102_adc.o(.data)
    .data                                    0x200000a4   Section        4  adt3102_dsp.o(.data)
    .data                                    0x200000a8   Section        4  adt3102_system.o(.data)
    .data                                    0x200000ac   Section        4  adt3102_trng.o(.data)
    .data                                    0x200000b0   Section        1  adt3102_uart.o(.data)
    .data                                    0x200000b4   Section        4  adt3102_uart.o(.data)
    .data                                    0x200000b8   Section        4  stderr.o(.data)
    .data                                    0x200000bc   Section        4  mvars.o(.data)
    .data                                    0x200000c0   Section        4  mvars.o(.data)
    .data                                    0x200000c4   Section        4  errno.o(.data)
    _errno                                   0x200000c4   Data           4  errno.o(.data)
    .bss                                     0x200000c8   Section     3200  proc_counting.o(.bss)
    HEAP                                     0x20000d48   Section     4096  startup_cmsdk_cm3.o(HEAP)
    STACK                                    0x20001d48   Section    16384  startup_cmsdk_cm3.o(STACK)
    .ARM.__AT_0x20007800                     0x20007800   Section        4  main.o(.ARM.__AT_0x20007800)
    .ARM.__AT_0x20007E00                     0x20007e00   Section      512  main.o(.ARM.__AT_0x20007E00)
    .ARM.__AT_0x2000FE00                     0x2000fe00   Section      512  main.o(.ARM.__AT_0x2000FE00)
    .ARM.__AT_0x20020000                     0x20020000   Section    16384  main.o(.ARM.__AT_0x20020000)
    .ARM.__AT_0x20024000                     0x20024000   Section     3216  track.o(.ARM.__AT_0x20024000)
    .ARM.__AT_0x20025000                     0x20025000   Section     2416  main.o(.ARM.__AT_0x20025000)
    .ARM.__AT_0x20025970                     0x20025970   Section     7488  track.o(.ARM.__AT_0x20025970)
    .ARM.__AT_0x20028000                     0x20028000   Section     9380  track.o(.ARM.__AT_0x20028000)
    .ARM.__AT_0x2002A500                     0x2002a500   Section     3616  track.o(.ARM.__AT_0x2002A500)
    .ARM.__AT_0x2002B400                     0x2002b400   Section     3700  track.o(.ARM.__AT_0x2002B400)

    Global Symbols

    Symbol Name                              Value     Ov Type        Size  Object(Section)

    BuildAttributes$$THM_ISAv4$P$D$K$B$S$PE$A:L22UL41UL21$X:L11$S22US41US21$IEEE1$IW$USESV6$~STKCKD$USESV7$~SHL$OTIME$ROPI$IEEEX$EBA8$MICROLIB$REQ8$PRES8$EABIv2 0x00000000   Number         0  anon$$obj.o ABSOLUTE
    __ARM_use_no_argv                        0x00000000   Number         0  main.o ABSOLUTE
    __use_no_errno                           0x00000000   Number         0  useno.o ABSOLUTE
    __use_no_exception_handling              0x00000000   Number         0  useno.o ABSOLUTE
    __use_no_fp                              0x00000000   Number         0  useno.o ABSOLUTE
    __use_no_heap                            0x00000000   Number         0  useno.o ABSOLUTE
    __use_no_heap_region                     0x00000000   Number         0  useno.o ABSOLUTE
    __use_no_semihosting                     0x00000000   Number         0  useno.o ABSOLUTE
    __use_no_semihosting_swi                 0x00000000   Number         0  useno.o ABSOLUTE
    __use_no_signal_handling                 0x00000000   Number         0  useno.o ABSOLUTE
    _printf_a                                0x00000000   Number         0  stubs.o ABSOLUTE
    _printf_c                                0x00000000   Number         0  stubs.o ABSOLUTE
    _printf_charcount                        0x00000000   Number         0  stubs.o ABSOLUTE
    _printf_d                                0x00000000   Number         0  stubs.o ABSOLUTE
    _printf_e                                0x00000000   Number         0  stubs.o ABSOLUTE
    _printf_f                                0x00000000   Number         0  stubs.o ABSOLUTE
    _printf_flags                            0x00000000   Number         0  stubs.o ABSOLUTE
    _printf_fp_dec                           0x00000000   Number         0  stubs.o ABSOLUTE
    _printf_fp_hex                           0x00000000   Number         0  stubs.o ABSOLUTE
    _printf_g                                0x00000000   Number         0  stubs.o ABSOLUTE
    _printf_i                                0x00000000   Number         0  stubs.o ABSOLUTE
    _printf_int_dec                          0x00000000   Number         0  stubs.o ABSOLUTE
    _printf_l                                0x00000000   Number         0  stubs.o ABSOLUTE
    _printf_lc                               0x00000000   Number         0  stubs.o ABSOLUTE
    _printf_ll                               0x00000000   Number         0  stubs.o ABSOLUTE
    _printf_lld                              0x00000000   Number         0  stubs.o ABSOLUTE
    _printf_lli                              0x00000000   Number         0  stubs.o ABSOLUTE
    _printf_llo                              0x00000000   Number         0  stubs.o ABSOLUTE
    _printf_llu                              0x00000000   Number         0  stubs.o ABSOLUTE
    _printf_llx                              0x00000000   Number         0  stubs.o ABSOLUTE
    _printf_longlong_dec                     0x00000000   Number         0  stubs.o ABSOLUTE
    _printf_longlong_hex                     0x00000000   Number         0  stubs.o ABSOLUTE
    _printf_longlong_oct                     0x00000000   Number         0  stubs.o ABSOLUTE
    _printf_ls                               0x00000000   Number         0  stubs.o ABSOLUTE
    _printf_mbtowc                           0x00000000   Number         0  stubs.o ABSOLUTE
    _printf_n                                0x00000000   Number         0  stubs.o ABSOLUTE
    _printf_o                                0x00000000   Number         0  stubs.o ABSOLUTE
    _printf_p                                0x00000000   Number         0  stubs.o ABSOLUTE
    _printf_percent                          0x00000000   Number         0  stubs.o ABSOLUTE
    _printf_pre_padding                      0x00000000   Number         0  stubs.o ABSOLUTE
    _printf_return_value                     0x00000000   Number         0  stubs.o ABSOLUTE
    _printf_s                                0x00000000   Number         0  stubs.o ABSOLUTE
    _printf_sizespec                         0x00000000   Number         0  stubs.o ABSOLUTE
    _printf_str                              0x00000000   Number         0  stubs.o ABSOLUTE
    _printf_truncate_signed                  0x00000000   Number         0  stubs.o ABSOLUTE
    _printf_truncate_unsigned                0x00000000   Number         0  stubs.o ABSOLUTE
    _printf_u                                0x00000000   Number         0  stubs.o ABSOLUTE
    _printf_wc                               0x00000000   Number         0  stubs.o ABSOLUTE
    _printf_wctomb                           0x00000000   Number         0  stubs.o ABSOLUTE
    _printf_widthprec                        0x00000000   Number         0  stubs.o ABSOLUTE
    _printf_x                                0x00000000   Number         0  stubs.o ABSOLUTE
    __cpp_initialize__aeabi_                  - Undefined Weak Reference
    __cxa_finalize                            - Undefined Weak Reference
    __decompress                              - Undefined Weak Reference
    _clock_init                               - Undefined Weak Reference
    _microlib_exit                            - Undefined Weak Reference
    __Vectors_Size                           0x000000b4   Number         0  startup_cmsdk_cm3.o ABSOLUTE
    __Vectors                                0x00008000   Data           4  startup_cmsdk_cm3.o(RESET)
    __Vectors_End                            0x000080b4   Data           0  startup_cmsdk_cm3.o(RESET)
    __main                                   0x000080b5   Thumb Code     0  entry.o(.ARM.Collect$$$$00000000)
    _main_stk                                0x000080b5   Thumb Code     0  entry2.o(.ARM.Collect$$$$00000001)
    _main_scatterload                        0x000080b9   Thumb Code     0  entry5.o(.ARM.Collect$$$$00000004)
    __main_after_scatterload                 0x000080bd   Thumb Code     0  entry5.o(.ARM.Collect$$$$00000004)
    _main_clock                              0x000080bd   Thumb Code     0  entry7b.o(.ARM.Collect$$$$00000008)
    _main_cpp_init                           0x000080bd   Thumb Code     0  entry8b.o(.ARM.Collect$$$$0000000A)
    _main_init                               0x000080bd   Thumb Code     0  entry9a.o(.ARM.Collect$$$$0000000B)
    __rt_final_cpp                           0x000080c5   Thumb Code     0  entry10a.o(.ARM.Collect$$$$0000000D)
    __rt_final_exit                          0x000080c5   Thumb Code     0  entry11a.o(.ARM.Collect$$$$0000000F)
    Reset_Handler                            0x000080c9   Thumb Code     8  startup_cmsdk_cm3.o(.text)
    HardFault_Handler                        0x000080d3   Thumb Code     2  startup_cmsdk_cm3.o(.text)
    MemManage_Handler                        0x000080d5   Thumb Code     2  startup_cmsdk_cm3.o(.text)
    BusFault_Handler                         0x000080d7   Thumb Code     2  startup_cmsdk_cm3.o(.text)
    UsageFault_Handler                       0x000080d9   Thumb Code     2  startup_cmsdk_cm3.o(.text)
    SVC_Handler                              0x000080db   Thumb Code     2  startup_cmsdk_cm3.o(.text)
    DebugMon_Handler                         0x000080dd   Thumb Code     2  startup_cmsdk_cm3.o(.text)
    PendSV_Handler                           0x000080df   Thumb Code     2  startup_cmsdk_cm3.o(.text)
    SysTick_Handler                          0x000080e1   Thumb Code     2  startup_cmsdk_cm3.o(.text)
    PORT0_10_Handler                         0x000080e3   Thumb Code     0  startup_cmsdk_cm3.o(.text)
    PORT0_11_Handler                         0x000080e3   Thumb Code     0  startup_cmsdk_cm3.o(.text)
    PORT0_12_Handler                         0x000080e3   Thumb Code     0  startup_cmsdk_cm3.o(.text)
    PORT0_13_Handler                         0x000080e3   Thumb Code     0  startup_cmsdk_cm3.o(.text)
    PORT0_14_Handler                         0x000080e3   Thumb Code     0  startup_cmsdk_cm3.o(.text)
    PORT0_15_Handler                         0x000080e3   Thumb Code     0  startup_cmsdk_cm3.o(.text)
    PORT0_6_Handler                          0x000080e3   Thumb Code     0  startup_cmsdk_cm3.o(.text)
    PORT0_7_Handler                          0x000080e3   Thumb Code     0  startup_cmsdk_cm3.o(.text)
    PORT0_8_Handler                          0x000080e3   Thumb Code     0  startup_cmsdk_cm3.o(.text)
    PORT0_9_Handler                          0x000080e3   Thumb Code     0  startup_cmsdk_cm3.o(.text)
    __aeabi_memcpy                           0x000080ed   Thumb Code    36  memcpya.o(.text)
    __aeabi_memcpy4                          0x000080ed   Thumb Code     0  memcpya.o(.text)
    __aeabi_memcpy8                          0x000080ed   Thumb Code     0  memcpya.o(.text)
    __aeabi_memset                           0x00008111   Thumb Code    14  memseta.o(.text)
    __aeabi_memset4                          0x00008111   Thumb Code     0  memseta.o(.text)
    __aeabi_memset8                          0x00008111   Thumb Code     0  memseta.o(.text)
    __aeabi_memclr                           0x0000811f   Thumb Code     4  memseta.o(.text)
    __aeabi_memclr4                          0x0000811f   Thumb Code     0  memseta.o(.text)
    __aeabi_memclr8                          0x0000811f   Thumb Code     0  memseta.o(.text)
    _memset$wrapper                          0x00008123   Thumb Code    18  memseta.o(.text)
    calloc                                   0x00008135   Thumb Code    28  calloc.o(.text)
    __aeabi_fadd                             0x00008151   Thumb Code   164  fadd.o(.text)
    __aeabi_fsub                             0x000081f5   Thumb Code     6  fadd.o(.text)
    __aeabi_frsub                            0x000081fb   Thumb Code     6  fadd.o(.text)
    __aeabi_fmul                             0x00008201   Thumb Code   100  fmul.o(.text)
    __aeabi_fdiv                             0x00008265   Thumb Code   124  fdiv.o(.text)
    __ARM_scalbnf                            0x000082e1   Thumb Code    24  fscalb.o(.text)
    scalbnf                                  0x000082e1   Thumb Code     0  fscalb.o(.text)
    __aeabi_dadd                             0x000082f9   Thumb Code   322  dadd.o(.text)
    __aeabi_dsub                             0x0000843b   Thumb Code     6  dadd.o(.text)
    __aeabi_drsub                            0x00008441   Thumb Code     6  dadd.o(.text)
    __aeabi_dmul                             0x00008447   Thumb Code   228  dmul.o(.text)
    __aeabi_ddiv                             0x0000852b   Thumb Code   222  ddiv.o(.text)
    __ARM_scalbn                             0x00008609   Thumb Code    46  dscalb.o(.text)
    scalbn                                   0x00008609   Thumb Code     0  dscalb.o(.text)
    __aeabi_i2f                              0x00008637   Thumb Code    18  fflti.o(.text)
    __aeabi_ui2f                             0x00008649   Thumb Code    10  ffltui.o(.text)
    __aeabi_i2d                              0x00008653   Thumb Code    34  dflti.o(.text)
    __aeabi_ui2d                             0x00008675   Thumb Code    26  dfltui.o(.text)
    __aeabi_f2iz                             0x0000868f   Thumb Code    50  ffixi.o(.text)
    __aeabi_f2uiz                            0x000086c1   Thumb Code    40  ffixui.o(.text)
    __aeabi_d2iz                             0x000086e9   Thumb Code    62  dfixi.o(.text)
    __aeabi_d2uiz                            0x00008727   Thumb Code    50  dfixui.o(.text)
    __aeabi_f2d                              0x00008759   Thumb Code    38  f2d.o(.text)
    __aeabi_cdcmpeq                          0x00008781   Thumb Code     0  cdcmple.o(.text)
    __aeabi_cdcmple                          0x00008781   Thumb Code    48  cdcmple.o(.text)
    __aeabi_cdrcmple                         0x000087b1   Thumb Code    48  cdrcmple.o(.text)
    __aeabi_d2f                              0x000087e1   Thumb Code    56  d2f.o(.text)
    __aeabi_cfcmpeq                          0x00008819   Thumb Code     0  cfcmple.o(.text)
    __aeabi_cfcmple                          0x00008819   Thumb Code    20  cfcmple.o(.text)
    __aeabi_cfrcmple                         0x0000882d   Thumb Code    20  cfrcmple.o(.text)
    __aeabi_uidiv                            0x00008841   Thumb Code     0  uidiv.o(.text)
    __aeabi_uidivmod                         0x00008841   Thumb Code    44  uidiv.o(.text)
    __aeabi_uldivmod                         0x0000886d   Thumb Code    98  uldiv.o(.text)
    __aeabi_llsl                             0x000088cf   Thumb Code    30  llshl.o(.text)
    _ll_shift_l                              0x000088cf   Thumb Code     0  llshl.o(.text)
    __aeabi_llsr                             0x000088ed   Thumb Code    32  llushr.o(.text)
    _ll_ushift_r                             0x000088ed   Thumb Code     0  llushr.o(.text)
    __aeabi_lasr                             0x0000890d   Thumb Code    36  llsshr.o(.text)
    _ll_sshift_r                             0x0000890d   Thumb Code     0  llsshr.o(.text)
    strerror                                 0x00008931   Thumb Code    40  strerror.o(.text)
    __I$use$fp                               0x00008a15   Thumb Code     0  iusefp.o(.text)
    _float_round                             0x00008a15   Thumb Code    18  fepilogue.o(.text)
    _float_epilogue                          0x00008a27   Thumb Code    92  fepilogue.o(.text)
    _fsqrt                                   0x00008a83   Thumb Code    94  fsqrt.o(.text)
    _frnd                                    0x00008ae1   Thumb Code    60  frnd.o(.text)
    _frem                                    0x00008b1d   Thumb Code    82  frem.o(.text)
    _double_round                            0x00008b6f   Thumb Code    30  depilogue.o(.text)
    _double_epilogue                         0x00008b8d   Thumb Code   156  depilogue.o(.text)
    _drnd                                    0x00008c29   Thumb Code   132  drnd.o(.text)
    _drem                                    0x00008cb1   Thumb Code   134  drem.o(.text)
    __aeabi_d2ulz                            0x00008d37   Thumb Code    48  dfixul.o(.text)
    __ARM_dcmp4                              0x00008d67   Thumb Code    96  dcmp4.o(.text)
    _dcmp4                                   0x00008d67   Thumb Code     0  dcmp4.o(.text)
    __scatterload                            0x00008dc9   Thumb Code    28  init.o(.text)
    __scatterload_rt2                        0x00008dc9   Thumb Code     0  init.o(.text)
    _dsqrt                                   0x00008ded   Thumb Code   162  dsqrt.o(.text)
    MY_NVIC_SetVectorTable                   0x00008e91   Thumb Code    12  adt3102_system.o(i.MY_NVIC_SetVectorTable)
    NMI_Handler                              0x00008ea5   Thumb Code     2  adt3102_inthandler.o(i.NMI_Handler)
    SystemInit                               0x00008ea7   Thumb Code    22  adt3102_system.o(i.SystemInit)
    TF_AddIdListener                         0x00008ebd   Thumb Code    76  tinyframe.o(i.TF_AddIdListener)
    TF_DeInit                                0x00008f0d   Thumb Code    10  tinyframe.o(i.TF_DeInit)
    TF_Init                                  0x00008f19   Thumb Code    36  tinyframe.o(i.TF_Init)
    TF_InitStatic                            0x00008f41   Thumb Code    44  tinyframe.o(i.TF_InitStatic)
    TF_Send                                  0x00008f71   Thumb Code     8  tinyframe.o(i.TF_Send)
    TF_SendSimple                            0x000090f7   Thumb Code    42  tinyframe.o(i.TF_SendSimple)
    TF_WriteImpl                             0x00009121   Thumb Code    28  tinyframe.o(i.TF_WriteImpl)
    __0printf                                0x0000913d   Thumb Code    22  printfa.o(i.__0printf)
    __1printf                                0x0000913d   Thumb Code     0  printfa.o(i.__0printf)
    __2printf                                0x0000913d   Thumb Code     0  printfa.o(i.__0printf)
    __c89printf                              0x0000913d   Thumb Code     0  printfa.o(i.__0printf)
    printf                                   0x0000913d   Thumb Code     0  printfa.o(i.__0printf)
    __ARM_fpclassify                         0x0000915d   Thumb Code    40  fpclassify.o(i.__ARM_fpclassify)
    __ARM_fpclassifyf                        0x00009185   Thumb Code    38  fpclassifyf.o(i.__ARM_fpclassifyf)
    __aeabi_errno_addr                       0x000091ad   Thumb Code     4  errno.o(i.__aeabi_errno_addr)
    __rt_errno_addr                          0x000091ad   Thumb Code     0  errno.o(i.__aeabi_errno_addr)
    __ieee754_rem_pio2                       0x000091b5   Thumb Code   828  rred.o(i.__ieee754_rem_pio2)
    __kernel_cos                             0x0000953d   Thumb Code   230  cos_i.o(i.__kernel_cos)
    __kernel_poly                            0x00009639   Thumb Code   170  poly.o(i.__kernel_poly)
    __kernel_sin                             0x000096e5   Thumb Code   224  sin_i.o(i.__kernel_sin)
    __mathlib_dbl_divzero                    0x000097d1   Thumb Code    12  dunder.o(i.__mathlib_dbl_divzero)
    __mathlib_dbl_infnan                     0x000097e1   Thumb Code     6  dunder.o(i.__mathlib_dbl_infnan)
    __mathlib_dbl_infnan2                    0x000097e7   Thumb Code     4  dunder.o(i.__mathlib_dbl_infnan2)
    __mathlib_dbl_invalid                    0x000097eb   Thumb Code    12  dunder.o(i.__mathlib_dbl_invalid)
    __mathlib_dbl_overflow                   0x000097f7   Thumb Code    14  dunder.o(i.__mathlib_dbl_overflow)
    __mathlib_dbl_underflow                  0x00009805   Thumb Code    10  dunder.o(i.__mathlib_dbl_underflow)
    __mathlib_flt_infnan                     0x00009815   Thumb Code     6  funder.o(i.__mathlib_flt_infnan)
    __mathlib_flt_infnan2                    0x0000981b   Thumb Code     4  funder.o(i.__mathlib_flt_infnan2)
    __mathlib_flt_invalid                    0x0000981f   Thumb Code     8  funder.o(i.__mathlib_flt_invalid)
    __mathlib_flt_underflow                  0x00009827   Thumb Code    10  funder.o(i.__mathlib_flt_underflow)
    __mathlib_rredf2                         0x00009831   Thumb Code   344  rredf.o(i.__mathlib_rredf2)
    __scatterload_copy                       0x00009999   Thumb Code    14  handlers.o(i.__scatterload_copy)
    __scatterload_null                       0x000099a7   Thumb Code     2  handlers.o(i.__scatterload_null)
    __scatterload_zeroinit                   0x000099a9   Thumb Code    14  handlers.o(i.__scatterload_zeroinit)
    __set_errno                              0x000099b9   Thumb Code     6  errno.o(i.__set_errno)
    absAdt3102                               0x0000a257   Thumb Code    44  adt3102_dsp.o(i.absAdt3102)
    adcBiasSetting                           0x0000a285   Thumb Code    74  adt3102_adc.o(i.adcBiasSetting)
    adcClkSwitch                             0x0000a2d5   Thumb Code    26  adt3102_adc.o(i.adcClkSwitch)
    adcEnable                                0x0000a2f5   Thumb Code    42  adt3102_adc.o(i.adcEnable)
    adcFirDownsample                         0x0000a329   Thumb Code    86  adt3102_adc.o(i.adcFirDownsample)
    adcSampleInit                            0x0000a389   Thumb Code    40  adt3102_adc.o(i.adcSampleInit)
    adcSampleStart                           0x0000a3b5   Thumb Code   206  adt3102_adc.o(i.adcSampleStart)
    adcWnpara                                0x0000a48d   Thumb Code    14  adt3102_adc.o(i.adcWnpara)
    adt3102AdcSetting                        0x0000a4a1   Thumb Code   108  adt3102_adc.o(i.adt3102AdcSetting)
    adt3102Analog                            0x0000a50d   Thumb Code   288  adt3102_system.o(i.adt3102Analog)
    adt3102DigiInit                          0x0000a67d   Thumb Code    60  adt3102_system.o(i.adt3102DigiInit)
    adt3102PowerSw                           0x0000a6bd   Thumb Code   198  adt3102_pmu.o(i.adt3102PowerSw)
    adt3102RfInit                            0x0000a785   Thumb Code   152  adt3102_system.o(i.adt3102RfInit)
    appendAtEnd                              0x0000a825   Thumb Code    46  db_scan.o(i.appendAtEnd)
    asin                                     0x0000a855   Thumb Code   572  asin.o(i.asin)
    asinf                                    0x0000aac5   Thumb Code   254  asinf.o(i.asinf)
    assert_failed                            0x0000abe9   Thumb Code    10  adt3102_uart.o(i.assert_failed)
    atan2f                                   0x0000ac21   Thumb Code   528  atan2f.o(i.atan2f)
    baseBandBiasSetting                      0x0000ae7d   Thumb Code    26  adt3102_adc.o(i.baseBandBiasSetting)
    baseband18LDO                            0x0000ae9d   Thumb Code    50  adt3102_tx.o(i.baseband18LDO)
    bias20GTo80G                             0x0000aed9   Thumb Code    50  adt3102_tx.o(i.bias20GTo80G)
    complexMultiply                          0x0000af11   Thumb Code    92  proc_counting.o(i.complexMultiply)
    cos                                      0x0000af6d   Thumb Code   148  cos.o(i.cos)
    cosf                                     0x0000b009   Thumb Code   328  cosf.o(i.cosf)
    createNode                               0x0000b185   Thumb Code    34  db_scan.o(i.createNode)
    dacEnBias1Pd                             0x0000b1c5   Thumb Code    40  adt3102_tx.o(i.dacEnBias1Pd)
    dataSampleConfig                         0x0000b1f1   Thumb Code    30  adt3102_adc.o(i.dataSampleConfig)
    dbScan                                   0x0000b215   Thumb Code    98  db_scan.o(i.dbScan)
    delayUs                                  0x0000b279   Thumb Code    56  adt3102_system.o(i.delayUs)
    destroyEpsilonNeighbours                 0x0000b2b5   Thumb Code    34  db_scan.o(i.destroyEpsilonNeighbours)
    detectPeaks                              0x0000b2d9   Thumb Code   612  proc_counting.o(i.detectPeaks)
    dma0Handler                              0x0000b595   Thumb Code     2  adt3102_inthandler.o(i.dma0Handler)
    dma1Handler                              0x0000b597   Thumb Code     2  adt3102_inthandler.o(i.dma1Handler)
    dmaConfig                                0x0000b599   Thumb Code   120  adt3102_dma.o(i.dmaConfig)
    dmaDisable                               0x0000b619   Thumb Code    66  adt3102_dma.o(i.dmaDisable)
    doAngFft                                 0x0000b661   Thumb Code   854  proc_counting.o(i.doAngFft)
    dopplerSwapMimo                          0x0000b9e1   Thumb Code    58  proc_counting.o(i.dopplerSwapMimo)
    dualtimer0Handler                        0x0000ba1d   Thumb Code    18  adt3102_inthandler.o(i.dualtimer0Handler)
    dualtimerInit                            0x0000ba39   Thumb Code    14  adt3102_timer.o(i.dualtimerInit)
    euclideanDist                            0x0000ba4d   Thumb Code     6  db_scan.o(i.euclideanDist)
    expand                                   0x0000ba53   Thumb Code   174  db_scan.o(i.expand)
    fftHandler                               0x0000bb01   Thumb Code    14  adt3102_inthandler.o(i.fftHandler)
    fftProcess                               0x0000bb19   Thumb Code    64  adt3102_dsp.o(i.fftProcess)
    fftSingle                                0x0000bb5d   Thumb Code   220  adt3102_dsp.o(i.fftSingle)
    fmcwConfig                               0x0000bc4d   Thumb Code   988  adt3102_tx.o(i.fmcwConfig)
    fmcwEnmode                               0x0000c071   Thumb Code    60  adt3102_tx.o(i.fmcwEnmode)
    fmcwModeSel                              0x0000c0b1   Thumb Code    28  adt3102_tx.o(i.fmcwModeSel)
    fmin                                     0x0000c0d1   Thumb Code    66  fmin.o(i.fmin)
    fmod                                     0x0000c115   Thumb Code   144  fmod.o(i.fmod)
    fmodf                                    0x0000c1a9   Thumb Code   108  fmodf.o(i.fmodf)
    fputc                                    0x0000c215   Thumb Code    16  adt3102_uart.o(i.fputc)
    fputs                                    0x0000c225   Thumb Code    24  fputs.o(i.fputs)
    free                                     0x0000c23d   Thumb Code    76  malloc.o(i.free)
    func_track_clean                         0x0000c28d   Thumb Code    10  track.o(i.func_track_clean)
    func_track_init                          0x0000c29d   Thumb Code   108  track.o(i.func_track_init)
    func_track_update                        0x0000c319   Thumb Code    44  track.o(i.func_track_update)
    getEpsilonNeighbours                     0x0000c349   Thumb Code   162  db_scan.o(i.getEpsilonNeighbours)
    gpadcEnable                              0x0000c415   Thumb Code    18  adt3102_adc.o(i.gpadcEnable)
    gpioDirection                            0x0000c42d   Thumb Code    26  adt3102_gpio.o(i.gpioDirection)
    gpioHandler                              0x0000c44d   Thumb Code     8  adt3102_inthandler.o(i.gpioHandler)
    gpioOutput                               0x0000c459   Thumb Code    36  adt3102_gpio.o(i.gpioOutput)
    i2c0Handler                              0x0000c481   Thumb Code     2  adt3102_inthandler.o(i.i2c0Handler)
    i2c1Handler                              0x0000c483   Thumb Code     2  adt3102_inthandler.o(i.i2c1Handler)
    ledInit                                  0x0000c839   Thumb Code   134  adt3102_system.o(i.ledInit)
    lnaDacBias                               0x0000c8c1   Thumb Code    66  adt3102_rx.o(i.lnaDacBias)
    lnaRegularBias                           0x0000c909   Thumb Code    40  adt3102_rx.o(i.lnaRegularBias)
    log                                      0x0000c935   Thumb Code   808  log.o(i.log)
    log10                                    0x0000cc91   Thumb Code   198  log10.o(i.log10)
    main                                     0x0000cd75   Thumb Code  1234  main.o(i.main)
    malloc                                   0x0000d251   Thumb Code    92  malloc.o(i.malloc)
    mcuSleepConfig                           0x0000d2bd   Thumb Code    70  adt3102_pmu.o(i.mcuSleepConfig)
    memScheduling                            0x0000d30d   Thumb Code    50  adt3102_memscheduling.o(i.memScheduling)
    mixerEnable                              0x0000d345   Thumb Code    40  adt3102_rx.o(i.mixerEnable)
    perror                                   0x0000d371   Thumb Code    50  perror.o(i.perror)
    pgaHpfConfig                             0x0000d3b1   Thumb Code   102  adt3102_rx.o(i.pgaHpfConfig)
    pgaLpfConfig                             0x0000d41d   Thumb Code    52  adt3102_rx.o(i.pgaLpfConfig)
    phaseCal                                 0x0000d455   Thumb Code   158  adt3102_phase_cal.o(i.phaseCal)
    plliConfig                               0x0000d505   Thumb Code    22  adt3102_tx.o(i.plliConfig)
    plliDacSetting                           0x0000d529   Thumb Code     2  adt3102_tx.o(i.plliDacSetting)
    plliLDOEnable                            0x0000d52d   Thumb Code    64  adt3102_tx.o(i.plliLDOEnable)
    plliLock                                 0x0000d575   Thumb Code    94  adt3102_tx.o(i.plliLock)
    pllnConfig                               0x0000d5d9   Thumb Code    60  adt3102_tx.o(i.pllnConfig)
    pllnDacSetting                           0x0000d621   Thumb Code    20  adt3102_tx.o(i.pllnDacSetting)
    pllnLock                                 0x0000d639   Thumb Code   408  adt3102_tx.o(i.pllnLock)
    pllnPllConfig                            0x0000d7e1   Thumb Code    66  adt3102_tx.o(i.pllnPllConfig)
    pllnVcoConfig                            0x0000d829   Thumb Code    50  adt3102_tx.o(i.pllnVcoConfig)
    pllnVcoEnable                            0x0000d861   Thumb Code    26  adt3102_tx.o(i.pllnVcoEnable)
    pmuHandler                               0x0000d881   Thumb Code     8  adt3102_inthandler.o(i.pmuHandler)
    pow                                      0x0000d88d   Thumb Code  2478  pow.o(i.pow)
    printPoints                              0x0000e245   Thumb Code   206  db_scan.o(i.printPoints)
    printfDebug                              0x0000e31d   Thumb Code     4  adt3102_uart.o(i.printfDebug)
    procCounting                             0x0000e321   Thumb Code   132  proc_counting.o(i.procCounting)
    rc32kCalibration                         0x0000e3b9   Thumb Code   120  adt3102_pmu.o(i.rc32kCalibration)
    rcHpfConfig                              0x0000e439   Thumb Code    74  adt3102_rx.o(i.rcHpfConfig)
    rfBuff77GEnable                          0x0000e489   Thumb Code    52  adt3102_tx.o(i.rfBuff77GEnable)
    rfPgaGainCalEnable                       0x0000e4c1   Thumb Code    70  adt3102_rx.o(i.rfPgaGainCalEnable)
    rfPgaGainCalSetting                      0x0000e50d   Thumb Code   114  adt3102_rx.o(i.rfPgaGainCalSetting)
    rfPhaseShiftLUT                          0x0000e585   Thumb Code    48  adt3102_tx.o(i.rfPhaseShiftLUT)
    rfTiaDacBias                             0x0000e5b9   Thumb Code    26  adt3102_rx.o(i.rfTiaDacBias)
    rfTiaEnable                              0x0000e5d9   Thumb Code    48  adt3102_rx.o(i.rfTiaEnable)
    rfTiaGainSetting                         0x0000e60d   Thumb Code    54  adt3102_rx.o(i.rfTiaGainSetting)
    rfVgaDacBias                             0x0000e649   Thumb Code    28  adt3102_rx.o(i.rfVgaDacBias)
    rfVgaEnable                              0x0000e669   Thumb Code    48  adt3102_rx.o(i.rfVgaEnable)
    rfVgaGainSetting                         0x0000e69d   Thumb Code    54  adt3102_rx.o(i.rfVgaGainSetting)
    rfbuff20G                                0x0000e6d9   Thumb Code    40  adt3102_tx.o(i.rfbuff20G)
    round                                    0x0000e705   Thumb Code   136  round.o(i.round)
    rtcHandler                               0x0000e799   Thumb Code    16  adt3102_inthandler.o(i.rtcHandler)
    rtcInit                                  0x0000e7b5   Thumb Code    24  adt3102_rtc.o(i.rtcInit)
    rxLnaEnable                              0x0000e7d5   Thumb Code    40  adt3102_rx.o(i.rxLnaEnable)
    sAgc                                     0x0000e801   Thumb Code   232  adt3102_sagc.o(i.sAgc)
    setInterrupt                             0x0000e905   Thumb Code    22  adt3102_system.o(i.setInterrupt)
    show_obj_cluster                         0x0000e91d   Thumb Code   156  track.o(i.show_obj_cluster)
    sin                                      0x0000e9c1   Thumb Code   150  sin.o(i.sin)
    sinf                                     0x0000ea61   Thumb Code   338  sinf.o(i.sinf)
    spi0Handler                              0x0000ebe9   Thumb Code     2  adt3102_inthandler.o(i.spi0Handler)
    spi1Handler                              0x0000ebeb   Thumb Code     2  adt3102_inthandler.o(i.spi1Handler)
    spread                                   0x0000ebed   Thumb Code   136  db_scan.o(i.spread)
    sqrt                                     0x0000ec75   Thumb Code    76  sqrt.o(i.sqrt)
    sqrtf                                    0x0000ecc1   Thumb Code    44  sqrtf.o(i.sqrtf)
    switch125MHclk                           0x0000eced   Thumb Code    30  adt3102_system.o(i.switch125MHclk)
    switch_to_plli                           0x0000ed0d   Thumb Code    24  adt3102_pmu.o(i.switch_to_plli)
    tiaHpfConfig                             0x0000ed29   Thumb Code    66  adt3102_rx.o(i.tiaHpfConfig)
    timer0Handler                            0x0000ed71   Thumb Code    18  adt3102_inthandler.o(i.timer0Handler)
    timer1Handler                            0x0000ed89   Thumb Code   130  adt3102_inthandler.o(i.timer1Handler)
    timerInit                                0x0000ee19   Thumb Code    32  adt3102_timer.o(i.timerInit)
    timerOff                                 0x0000ee41   Thumb Code    10  adt3102_timer.o(i.timerOff)
    tinyFramefTx                             0x0000ee4b   Thumb Code    52  tinyframe.o(i.tinyFramefTx)
    track_step                               0x0000ee81   Thumb Code    48  track.o(i.track_step)
    tracking_all_clusters                    0x0000eec5   Thumb Code  2812  track.o(i.tracking_all_clusters)
    trngHandler                              0x0000f9c5   Thumb Code    14  adt3102_inthandler.o(i.trngHandler)
    txPaBias                                 0x0000f9dd   Thumb Code    50  adt3102_tx.o(i.txPaBias)
    txPaEnable                               0x0000fa15   Thumb Code    40  adt3102_tx.o(i.txPaEnable)
    uart0Handler                             0x0000fa41   Thumb Code    22  adt3102_inthandler.o(i.uart0Handler)
    uart1Handler                             0x0000fa5d   Thumb Code    20  adt3102_inthandler.o(i.uart1Handler)
    uart2Handler                             0x0000fa79   Thumb Code    22  adt3102_inthandler.o(i.uart2Handler)
    uartInit                                 0x0000fa9d   Thumb Code    90  adt3102_uart.o(i.uartInit)
    uartOverflowHandler                      0x0000fb4d   Thumb Code     2  adt3102_inthandler.o(i.uartOverflowHandler)
    velocityFftProcess                       0x0000fb51   Thumb Code    64  adt3102_dsp.o(i.velocityFftProcess)
    vtuneRead                                0x0000fb95   Thumb Code   130  adt3102_tx.o(i.vtuneRead)
    __mathlib_zero                           0x0000fd68   Data           8  qnan.o(.constdata)
    Region$$Table$$Base                      0x0000fe80   Number         0  anon$$obj.o(Region$$Table)
    Region$$Table$$Limit                     0x0000fea0   Number         0  anon$$obj.o(Region$$Table)
    g_rx0En                                  0x20000000   Data           4  main.o(.data)
    g_rx1En                                  0x20000004   Data           4  main.o(.data)
    g_tx0En                                  0x20000008   Data           4  main.o(.data)
    g_tx1En                                  0x2000000c   Data           4  main.o(.data)
    g_tiaGain0                               0x20000010   Data           4  main.o(.data)
    g_pgaGain0                               0x20000014   Data           4  main.o(.data)
    g_tiaGain1                               0x20000018   Data           4  main.o(.data)
    g_pgaGain1                               0x2000001c   Data           4  main.o(.data)
    g_phaseShftLut0                          0x20000020   Data           4  main.o(.data)
    g_phaseShftLut1                          0x20000024   Data           4  main.o(.data)
    g_sendCount                              0x20000028   Data           4  main.o(.data)
    work_times                               0x2000002c   Data           4  main.o(.data)
    g_tiaHpfEn                               0x20000030   Data           4  main.o(.data)
    g_rcHpfEn                                0x20000034   Data           4  main.o(.data)
    g_pgaHpfEn                               0x20000038   Data           4  main.o(.data)
    g_tiaHpf                                 0x2000003c   Data           4  main.o(.data)
    g_rcHpf                                  0x20000040   Data           4  main.o(.data)
    g_pgaHpf                                 0x20000044   Data           4  main.o(.data)
    g_pgaLpf                                 0x20000048   Data           4  main.o(.data)
    g_PaGain0                                0x2000004c   Data           4  main.o(.data)
    g_PaGain1                                0x20000050   Data           4  main.o(.data)
    g_frameStart                             0x20000054   Data           4  main.o(.data)
    firds                                    0x20000060   Data          68  adt3102_adc.o(.data)
    v_g_fftFlag                              0x200000a4   Data           4  adt3102_dsp.o(.data)
    g_delayUsFlag                            0x200000a8   Data           4  adt3102_system.o(.data)
    v_g_trngFlag                             0x200000ac   Data           4  adt3102_trng.o(.data)
    g_uartRecvFlag                           0x200000b0   Data           1  adt3102_uart.o(.data)
    __stdout                                 0x200000b4   Data           4  adt3102_uart.o(.data)
    __stderr                                 0x200000b8   Data           4  stderr.o(.data)
    __microlib_freelist                      0x200000bc   Data           4  mvars.o(.data)
    __microlib_freelist_initialised          0x200000c0   Data           4  mvars.o(.data)
    objResult                                0x200000c8   Data        3200  proc_counting.o(.bss)
    __heap_base                              0x20000d48   Data           0  startup_cmsdk_cm3.o(HEAP)
    __heap_limit                             0x20001d48   Data           0  startup_cmsdk_cm3.o(HEAP)
    __initial_sp                             0x20005d48   Data           0  startup_cmsdk_cm3.o(STACK)
    g_jlinkDataFlag                          0x20007800   Data           4  main.o(.ARM.__AT_0x20007800)
    g_discardChirpReserve0                   0x20007e00   Data         512  main.o(.ARM.__AT_0x20007E00)
    g_discardChirpReserve1                   0x2000fe00   Data         512  main.o(.ARM.__AT_0x2000FE00)
    g_absMergeArray                          0x20020000   Data       16384  main.o(.ARM.__AT_0x20020000)
    tr_obj_list                              0x20024000   Data        3216  track.o(.ARM.__AT_0x20024000)
    target_list                              0x20025000   Data        2416  main.o(.ARM.__AT_0x20025000)
    live_people                              0x20025970   Data        7488  track.o(.ARM.__AT_0x20025970)
    curr_obj_list                            0x20028000   Data        9380  track.o(.ARM.__AT_0x20028000)
    cdi_data                                 0x2002a500   Data        3616  track.o(.ARM.__AT_0x2002A500)
    target_hist                              0x2002b400   Data        3700  track.o(.ARM.__AT_0x2002B400)



==============================================================================

Memory Map of the image

  Image Entry point : 0x000080b5

  Load Region LR_IROM1 (Base: 0x00008000, Size: 0x00007f68, Max: 0x00008000, ABSOLUTE)

    Execution Region ER_IROM1 (Base: 0x00008000, Size: 0x00007ea0, Max: 0x00008000, ABSOLUTE)

    Base Addr    Size         Type   Attr      Idx    E Section Name        Object

    0x00008000   0x000000b4   Data   RO            9    RESET               startup_cmsdk_cm3.o
    0x000080b4   0x00000000   Code   RO         2399  * .ARM.Collect$$$$00000000  mc_w.l(entry.o)
    0x000080b4   0x00000004   Code   RO         2815    .ARM.Collect$$$$00000001  mc_w.l(entry2.o)
    0x000080b8   0x00000004   Code   RO         2818    .ARM.Collect$$$$00000004  mc_w.l(entry5.o)
    0x000080bc   0x00000000   Code   RO         2820    .ARM.Collect$$$$00000008  mc_w.l(entry7b.o)
    0x000080bc   0x00000000   Code   RO         2822    .ARM.Collect$$$$0000000A  mc_w.l(entry8b.o)
    0x000080bc   0x00000008   Code   RO         2823    .ARM.Collect$$$$0000000B  mc_w.l(entry9a.o)
    0x000080c4   0x00000000   Code   RO         2825    .ARM.Collect$$$$0000000D  mc_w.l(entry10a.o)
    0x000080c4   0x00000000   Code   RO         2827    .ARM.Collect$$$$0000000F  mc_w.l(entry11a.o)
    0x000080c4   0x00000004   Code   RO         2816    .ARM.Collect$$$$00002712  mc_w.l(entry2.o)
    0x000080c8   0x00000024   Code   RO           10    .text               startup_cmsdk_cm3.o
    0x000080ec   0x00000024   Code   RO         2404    .text               mc_w.l(memcpya.o)
    0x00008110   0x00000024   Code   RO         2406    .text               mc_w.l(memseta.o)
    0x00008134   0x0000001c   Code   RO         2699    .text               mc_w.l(calloc.o)
    0x00008150   0x000000b0   Code   RO         2701    .text               mf_w.l(fadd.o)
    0x00008200   0x00000064   Code   RO         2703    .text               mf_w.l(fmul.o)
    0x00008264   0x0000007c   Code   RO         2705    .text               mf_w.l(fdiv.o)
    0x000082e0   0x00000018   Code   RO         2707    .text               mf_w.l(fscalb.o)
    0x000082f8   0x0000014e   Code   RO         2709    .text               mf_w.l(dadd.o)
    0x00008446   0x000000e4   Code   RO         2711    .text               mf_w.l(dmul.o)
    0x0000852a   0x000000de   Code   RO         2713    .text               mf_w.l(ddiv.o)
    0x00008608   0x0000002e   Code   RO         2715    .text               mf_w.l(dscalb.o)
    0x00008636   0x00000012   Code   RO         2717    .text               mf_w.l(fflti.o)
    0x00008648   0x0000000a   Code   RO         2719    .text               mf_w.l(ffltui.o)
    0x00008652   0x00000022   Code   RO         2721    .text               mf_w.l(dflti.o)
    0x00008674   0x0000001a   Code   RO         2723    .text               mf_w.l(dfltui.o)
    0x0000868e   0x00000032   Code   RO         2725    .text               mf_w.l(ffixi.o)
    0x000086c0   0x00000028   Code   RO         2727    .text               mf_w.l(ffixui.o)
    0x000086e8   0x0000003e   Code   RO         2729    .text               mf_w.l(dfixi.o)
    0x00008726   0x00000032   Code   RO         2731    .text               mf_w.l(dfixui.o)
    0x00008758   0x00000026   Code   RO         2733    .text               mf_w.l(f2d.o)
    0x0000877e   0x00000002   PAD
    0x00008780   0x00000030   Code   RO         2735    .text               mf_w.l(cdcmple.o)
    0x000087b0   0x00000030   Code   RO         2737    .text               mf_w.l(cdrcmple.o)
    0x000087e0   0x00000038   Code   RO         2739    .text               mf_w.l(d2f.o)
    0x00008818   0x00000014   Code   RO         2741    .text               mf_w.l(cfcmple.o)
    0x0000882c   0x00000014   Code   RO         2743    .text               mf_w.l(cfrcmple.o)
    0x00008840   0x0000002c   Code   RO         2834    .text               mc_w.l(uidiv.o)
    0x0000886c   0x00000062   Code   RO         2836    .text               mc_w.l(uldiv.o)
    0x000088ce   0x0000001e   Code   RO         2838    .text               mc_w.l(llshl.o)
    0x000088ec   0x00000020   Code   RO         2840    .text               mc_w.l(llushr.o)
    0x0000890c   0x00000024   Code   RO         2842    .text               mc_w.l(llsshr.o)
    0x00008930   0x000000e4   Code   RO         2844    .text               mc_w.l(strerror.o)
    0x00008a14   0x00000000   Code   RO         2855    .text               mc_w.l(iusefp.o)
    0x00008a14   0x0000006e   Code   RO         2856    .text               mf_w.l(fepilogue.o)
    0x00008a82   0x0000005e   Code   RO         2858    .text               mf_w.l(fsqrt.o)
    0x00008ae0   0x0000003c   Code   RO         2860    .text               mf_w.l(frnd.o)
    0x00008b1c   0x00000052   Code   RO         2862    .text               mf_w.l(frem.o)
    0x00008b6e   0x000000ba   Code   RO         2864    .text               mf_w.l(depilogue.o)
    0x00008c28   0x00000088   Code   RO         2866    .text               mf_w.l(drnd.o)
    0x00008cb0   0x00000086   Code   RO         2868    .text               mf_w.l(drem.o)
    0x00008d36   0x00000030   Code   RO         2870    .text               mf_w.l(dfixul.o)
    0x00008d66   0x00000060   Code   RO         2872    .text               mf_w.l(dcmp4.o)
    0x00008dc6   0x00000002   PAD
    0x00008dc8   0x00000024   Code   RO         2874    .text               mc_w.l(init.o)
    0x00008dec   0x000000a2   Code   RO         2876    .text               mf_w.l(dsqrt.o)
    0x00008e8e   0x00000002   PAD
    0x00008e90   0x00000014   Code   RO         1053    i.MY_NVIC_SetVectorTable  adt3102_system.o
    0x00008ea4   0x00000002   Code   RO          197    i.NMI_Handler       adt3102_inthandler.o
    0x00008ea6   0x00000016   Code   RO         1054    i.SystemInit        adt3102_system.o
    0x00008ebc   0x00000050   Code   RO         1544    i.TF_AddIdListener  tinyframe.o
    0x00008f0c   0x0000000a   Code   RO         1546    i.TF_DeInit         tinyframe.o
    0x00008f16   0x00000002   PAD
    0x00008f18   0x00000028   Code   RO         1547    i.TF_Init           tinyframe.o
    0x00008f40   0x00000030   Code   RO         1548    i.TF_InitStatic     tinyframe.o
    0x00008f70   0x00000008   Code   RO         1562    i.TF_Send           tinyframe.o
    0x00008f78   0x00000028   Code   RO         1563    i.TF_SendFrame      tinyframe.o
    0x00008fa0   0x000000b0   Code   RO         1564    i.TF_SendFrame_Begin  tinyframe.o
    0x00009050   0x0000006e   Code   RO         1565    i.TF_SendFrame_Chunk  tinyframe.o
    0x000090be   0x00000038   Code   RO         1566    i.TF_SendFrame_End  tinyframe.o
    0x000090f6   0x0000002a   Code   RO         1567    i.TF_SendSimple     tinyframe.o
    0x00009120   0x0000001c   Code   RO         1571    i.TF_WriteImpl      tinyframe.o
    0x0000913c   0x00000020   Code   RO         2643    i.__0printf         mc_w.l(printfa.o)
    0x0000915c   0x00000028   Code   RO         2762    i.__ARM_fpclassify  m_ws.l(fpclassify.o)
    0x00009184   0x00000026   Code   RO         2764    i.__ARM_fpclassifyf  m_ws.l(fpclassifyf.o)
    0x000091aa   0x00000002   PAD
    0x000091ac   0x00000008   Code   RO         2848    i.__aeabi_errno_addr  mc_w.l(errno.o)
    0x000091b4   0x00000388   Code   RO         2793    i.__ieee754_rem_pio2  m_ws.l(rred.o)
    0x0000953c   0x000000fc   Code   RO         2745    i.__kernel_cos      m_ws.l(cos_i.o)
    0x00009638   0x000000aa   Code   RO         2790    i.__kernel_poly     m_ws.l(poly.o)
    0x000096e2   0x00000002   PAD
    0x000096e4   0x000000ec   Code   RO         2801    i.__kernel_sin      m_ws.l(sin_i.o)
    0x000097d0   0x00000010   Code   RO         2748    i.__mathlib_dbl_divzero  m_ws.l(dunder.o)
    0x000097e0   0x00000006   Code   RO         2749    i.__mathlib_dbl_infnan  m_ws.l(dunder.o)
    0x000097e6   0x00000004   Code   RO         2750    i.__mathlib_dbl_infnan2  m_ws.l(dunder.o)
    0x000097ea   0x0000000c   Code   RO         2751    i.__mathlib_dbl_invalid  m_ws.l(dunder.o)
    0x000097f6   0x0000000e   Code   RO         2752    i.__mathlib_dbl_overflow  m_ws.l(dunder.o)
    0x00009804   0x00000010   Code   RO         2754    i.__mathlib_dbl_underflow  m_ws.l(dunder.o)
    0x00009814   0x00000006   Code   RO         2767    i.__mathlib_flt_infnan  m_ws.l(funder.o)
    0x0000981a   0x00000004   Code   RO         2768    i.__mathlib_flt_infnan2  m_ws.l(funder.o)
    0x0000981e   0x00000008   Code   RO         2769    i.__mathlib_flt_invalid  m_ws.l(funder.o)
    0x00009826   0x0000000a   Code   RO         2772    i.__mathlib_flt_underflow  m_ws.l(funder.o)
    0x00009830   0x00000168   Code   RO         2798    i.__mathlib_rredf2  m_ws.l(rredf.o)
    0x00009998   0x0000000e   Code   RO         2880    i.__scatterload_copy  mc_w.l(handlers.o)
    0x000099a6   0x00000002   Code   RO         2881    i.__scatterload_null  mc_w.l(handlers.o)
    0x000099a8   0x0000000e   Code   RO         2882    i.__scatterload_zeroinit  mc_w.l(handlers.o)
    0x000099b6   0x00000002   PAD
    0x000099b8   0x0000000c   Code   RO         2850    i.__set_errno       mc_w.l(errno.o)
    0x000099c4   0x00000164   Code   RO         2650    i._fp_digits        mc_w.l(printfa.o)
    0x00009b28   0x000006dc   Code   RO         2651    i._printf_core      mc_w.l(printfa.o)
    0x0000a204   0x00000024   Code   RO         2652    i._printf_post_padding  mc_w.l(printfa.o)
    0x0000a228   0x0000002e   Code   RO         2653    i._printf_pre_padding  mc_w.l(printfa.o)
    0x0000a256   0x0000002c   Code   RO          637    i.absAdt3102        adt3102_dsp.o
    0x0000a282   0x00000002   PAD
    0x0000a284   0x00000050   Code   RO          524    i.adcBiasSetting    adt3102_adc.o
    0x0000a2d4   0x00000020   Code   RO          525    i.adcClkSwitch      adt3102_adc.o
    0x0000a2f4   0x00000034   Code   RO          527    i.adcEnable         adt3102_adc.o
    0x0000a328   0x00000060   Code   RO          528    i.adcFirDownsample  adt3102_adc.o
    0x0000a388   0x0000002c   Code   RO          530    i.adcSampleInit     adt3102_adc.o
    0x0000a3b4   0x000000d8   Code   RO          531    i.adcSampleStart    adt3102_adc.o
    0x0000a48c   0x00000014   Code   RO          532    i.adcWnpara         adt3102_adc.o
    0x0000a4a0   0x0000006c   Code   RO          533    i.adt3102AdcSetting  adt3102_adc.o
    0x0000a50c   0x00000170   Code   RO         1055    i.adt3102Analog     adt3102_system.o
    0x0000a67c   0x00000040   Code   RO         1056    i.adt3102DigiInit   adt3102_system.o
    0x0000a6bc   0x000000c6   Code   RO          753    i.adt3102PowerSw    adt3102_pmu.o
    0x0000a782   0x00000002   PAD
    0x0000a784   0x000000a0   Code   RO         1057    i.adt3102RfInit     adt3102_system.o
    0x0000a824   0x0000002e   Code   RO          400    i.appendAtEnd       db_scan.o
    0x0000a852   0x00000002   PAD
    0x0000a854   0x00000270   Code   RO         2296    i.asin              m_ws.l(asin.o)
    0x0000aac4   0x00000124   Code   RO         2306    i.asinf             m_ws.l(asinf.o)
    0x0000abe8   0x00000038   Code   RO         1425    i.assert_failed     adt3102_uart.o
    0x0000ac20   0x0000025c   Code   RO         2314    i.atan2f            m_ws.l(atan2f.o)
    0x0000ae7c   0x00000020   Code   RO          534    i.baseBandBiasSetting  adt3102_adc.o
    0x0000ae9c   0x0000003c   Code   RO         1227    i.baseband18LDO     adt3102_tx.o
    0x0000aed8   0x00000038   Code   RO         1228    i.bias20GTo80G      adt3102_tx.o
    0x0000af10   0x0000005c   Code   RO          333    i.complexMultiply   proc_counting.o
    0x0000af6c   0x0000009c   Code   RO         2322    i.cos               m_ws.l(cos.o)
    0x0000b008   0x0000017c   Code   RO         2330    i.cosf              m_ws.l(cosf.o)
    0x0000b184   0x00000040   Code   RO          401    i.createNode        db_scan.o
    0x0000b1c4   0x0000002c   Code   RO         1232    i.dacEnBias1Pd      adt3102_tx.o
    0x0000b1f0   0x00000024   Code   RO          535    i.dataSampleConfig  adt3102_adc.o
    0x0000b214   0x00000062   Code   RO          402    i.dbScan            db_scan.o
    0x0000b276   0x00000002   PAD
    0x0000b278   0x0000003c   Code   RO         1058    i.delayUs           adt3102_system.o
    0x0000b2b4   0x00000022   Code   RO          403    i.destroyEpsilonNeighbours  db_scan.o
    0x0000b2d6   0x00000002   PAD
    0x0000b2d8   0x000002bc   Code   RO          335    i.detectPeaks       proc_counting.o
    0x0000b594   0x00000002   Code   RO          198    i.dma0Handler       adt3102_inthandler.o
    0x0000b596   0x00000002   Code   RO          199    i.dma1Handler       adt3102_inthandler.o
    0x0000b598   0x00000080   Code   RO          619    i.dmaConfig         adt3102_dma.o
    0x0000b618   0x00000048   Code   RO          620    i.dmaDisable        adt3102_dma.o
    0x0000b660   0x00000380   Code   RO          336    i.doAngFft          proc_counting.o
    0x0000b9e0   0x0000003a   Code   RO          337    i.dopplerSwapMimo   proc_counting.o
    0x0000ba1a   0x00000002   PAD
    0x0000ba1c   0x0000001c   Code   RO          200    i.dualtimer0Handler  adt3102_inthandler.o
    0x0000ba38   0x00000014   Code   RO         1174    i.dualtimerInit     adt3102_timer.o
    0x0000ba4c   0x00000006   Code   RO          404    i.euclideanDist     db_scan.o
    0x0000ba52   0x000000ae   Code   RO          405    i.expand            db_scan.o
    0x0000bb00   0x00000018   Code   RO          201    i.fftHandler        adt3102_inthandler.o
    0x0000bb18   0x00000044   Code   RO          639    i.fftProcess        adt3102_dsp.o
    0x0000bb5c   0x000000f0   Code   RO          640    i.fftSingle         adt3102_dsp.o
    0x0000bc4c   0x00000424   Code   RO         1234    i.fmcwConfig        adt3102_tx.o
    0x0000c070   0x00000040   Code   RO         1236    i.fmcwEnmode        adt3102_tx.o
    0x0000c0b0   0x00000020   Code   RO         1237    i.fmcwModeSel       adt3102_tx.o
    0x0000c0d0   0x00000042   Code   RO         2397    i.fmin              m_ws.l(fmin.o)
    0x0000c112   0x00000002   PAD
    0x0000c114   0x00000094   Code   RO         2338    i.fmod              m_ws.l(fmod.o)
    0x0000c1a8   0x0000006c   Code   RO         2346    i.fmodf             m_ws.l(fmodf.o)
    0x0000c214   0x00000010   Code   RO         1426    i.fputc             adt3102_uart.o
    0x0000c224   0x00000018   Code   RO         2829    i.fputs             mc_w.l(fputs.o)
    0x0000c23c   0x00000050   Code   RO         2671    i.free              mc_w.l(malloc.o)
    0x0000c28c   0x00000010   Code   RO          459    i.func_track_clean  track.o
    0x0000c29c   0x0000007c   Code   RO          460    i.func_track_init   track.o
    0x0000c318   0x00000030   Code   RO          461    i.func_track_update  track.o
    0x0000c348   0x000000cc   Code   RO          406    i.getEpsilonNeighbours  db_scan.o
    0x0000c414   0x00000018   Code   RO          537    i.gpadcEnable       adt3102_adc.o
    0x0000c42c   0x00000020   Code   RO          678    i.gpioDirection     adt3102_gpio.o
    0x0000c44c   0x0000000c   Code   RO          202    i.gpioHandler       adt3102_inthandler.o
    0x0000c458   0x00000028   Code   RO          679    i.gpioOutput        adt3102_gpio.o
    0x0000c480   0x00000002   Code   RO          203    i.i2c0Handler       adt3102_inthandler.o
    0x0000c482   0x00000002   Code   RO          204    i.i2c1Handler       adt3102_inthandler.o
    0x0000c484   0x000003b4   Code   RO          462    i.keep_still_obj    track.o
    0x0000c838   0x00000086   Code   RO         1063    i.ledInit           adt3102_system.o
    0x0000c8be   0x00000002   PAD
    0x0000c8c0   0x00000048   Code   RO          866    i.lnaDacBias        adt3102_rx.o
    0x0000c908   0x0000002c   Code   RO          867    i.lnaRegularBias    adt3102_rx.o
    0x0000c934   0x0000035c   Code   RO         2781    i.log               m_ws.l(log.o)
    0x0000cc90   0x000000e4   Code   RO         2354    i.log10             m_ws.l(log10.o)
    0x0000cd74   0x000004dc   Code   RO           16    i.main              main.o
    0x0000d250   0x0000006c   Code   RO         2672    i.malloc            mc_w.l(malloc.o)
    0x0000d2bc   0x00000050   Code   RO          758    i.mcuSleepConfig    adt3102_pmu.o
    0x0000d30c   0x00000038   Code   RO         1510    i.memScheduling     adt3102_memscheduling.o
    0x0000d344   0x0000002c   Code   RO          868    i.mixerEnable       adt3102_rx.o
    0x0000d370   0x00000040   Code   RO         2402    i.perror            mc_w.l(perror.o)
    0x0000d3b0   0x0000006c   Code   RO          869    i.pgaHpfConfig      adt3102_rx.o
    0x0000d41c   0x00000038   Code   RO          871    i.pgaLpfConfig      adt3102_rx.o
    0x0000d454   0x000000b0   Code   RO         2241    i.phaseCal          adt3102_phase_cal.o
    0x0000d504   0x00000024   Code   RO         1238    i.plliConfig        adt3102_tx.o
    0x0000d528   0x00000002   Code   RO         1239    i.plliDacSetting    adt3102_tx.o
    0x0000d52a   0x00000002   PAD
    0x0000d52c   0x00000048   Code   RO         1240    i.plliLDOEnable     adt3102_tx.o
    0x0000d574   0x00000064   Code   RO         1241    i.plliLock          adt3102_tx.o
    0x0000d5d8   0x00000048   Code   RO         1242    i.pllnConfig        adt3102_tx.o
    0x0000d620   0x00000018   Code   RO         1243    i.pllnDacSetting    adt3102_tx.o
    0x0000d638   0x000001a8   Code   RO         1244    i.pllnLock          adt3102_tx.o
    0x0000d7e0   0x00000048   Code   RO         1245    i.pllnPllConfig     adt3102_tx.o
    0x0000d828   0x00000038   Code   RO         1246    i.pllnVcoConfig     adt3102_tx.o
    0x0000d860   0x00000020   Code   RO         1247    i.pllnVcoEnable     adt3102_tx.o
    0x0000d880   0x0000000c   Code   RO          205    i.pmuHandler        adt3102_inthandler.o
    0x0000d88c   0x000009b8   Code   RO         2362    i.pow               m_ws.l(pow.o)
    0x0000e244   0x000000d8   Code   RO          407    i.printPoints       db_scan.o
    0x0000e31c   0x00000004   Code   RO         1427    i.printfDebug       adt3102_uart.o
    0x0000e320   0x00000098   Code   RO          338    i.procCounting      proc_counting.o
    0x0000e3b8   0x00000080   Code   RO          761    i.rc32kCalibration  adt3102_pmu.o
    0x0000e438   0x00000050   Code   RO          872    i.rcHpfConfig       adt3102_rx.o
    0x0000e488   0x00000038   Code   RO         1248    i.rfBuff77GEnable   adt3102_tx.o
    0x0000e4c0   0x0000004c   Code   RO          873    i.rfPgaGainCalEnable  adt3102_rx.o
    0x0000e50c   0x00000078   Code   RO          874    i.rfPgaGainCalSetting  adt3102_rx.o
    0x0000e584   0x00000034   Code   RO         1250    i.rfPhaseShiftLUT   adt3102_tx.o
    0x0000e5b8   0x00000020   Code   RO          875    i.rfTiaDacBias      adt3102_rx.o
    0x0000e5d8   0x00000034   Code   RO          876    i.rfTiaEnable       adt3102_rx.o
    0x0000e60c   0x0000003c   Code   RO          877    i.rfTiaGainSetting  adt3102_rx.o
    0x0000e648   0x00000020   Code   RO          878    i.rfVgaDacBias      adt3102_rx.o
    0x0000e668   0x00000034   Code   RO          879    i.rfVgaEnable       adt3102_rx.o
    0x0000e69c   0x0000003c   Code   RO          880    i.rfVgaGainSetting  adt3102_rx.o
    0x0000e6d8   0x0000002c   Code   RO         1251    i.rfbuff20G         adt3102_tx.o
    0x0000e704   0x00000094   Code   RO         2371    i.round             m_ws.l(round.o)
    0x0000e798   0x0000001c   Code   RO          206    i.rtcHandler        adt3102_inthandler.o
    0x0000e7b4   0x00000020   Code   RO          848    i.rtcInit           adt3102_rtc.o
    0x0000e7d4   0x0000002c   Code   RO          881    i.rxLnaEnable       adt3102_rx.o
    0x0000e800   0x00000104   Code   RO         1522    i.sAgc              adt3102_sagc.o
    0x0000e904   0x00000016   Code   RO         1066    i.setInterrupt      adt3102_system.o
    0x0000e91a   0x00000002   PAD
    0x0000e91c   0x000000a4   Code   RO          463    i.show_obj_cluster  track.o
    0x0000e9c0   0x000000a0   Code   RO         2374    i.sin               m_ws.l(sin.o)
    0x0000ea60   0x00000188   Code   RO         2382    i.sinf              m_ws.l(sinf.o)
    0x0000ebe8   0x00000002   Code   RO          207    i.spi0Handler       adt3102_inthandler.o
    0x0000ebea   0x00000002   Code   RO          208    i.spi1Handler       adt3102_inthandler.o
    0x0000ebec   0x00000088   Code   RO          408    i.spread            db_scan.o
    0x0000ec74   0x0000004c   Code   RO         2808    i.sqrt              m_ws.l(sqrt.o)
    0x0000ecc0   0x0000002c   Code   RO         2390    i.sqrtf             m_ws.l(sqrtf.o)
    0x0000ecec   0x0000001e   Code   RO         1067    i.switch125MHclk    adt3102_system.o
    0x0000ed0a   0x00000002   PAD
    0x0000ed0c   0x0000001c   Code   RO          764    i.switch_to_plli    adt3102_pmu.o
    0x0000ed28   0x00000048   Code   RO          882    i.tiaHpfConfig      adt3102_rx.o
    0x0000ed70   0x00000018   Code   RO          209    i.timer0Handler     adt3102_inthandler.o
    0x0000ed88   0x00000090   Code   RO          210    i.timer1Handler     adt3102_inthandler.o
    0x0000ee18   0x00000028   Code   RO         1177    i.timerInit         adt3102_timer.o
    0x0000ee40   0x0000000a   Code   RO         1178    i.timerOff          adt3102_timer.o
    0x0000ee4a   0x00000034   Code   RO         1577    i.tinyFramefTx      tinyframe.o
    0x0000ee7e   0x00000002   PAD
    0x0000ee80   0x00000044   Code   RO          464    i.track_step        track.o
    0x0000eec4   0x00000b00   Code   RO          465    i.tracking_all_clusters  track.o
    0x0000f9c4   0x00000018   Code   RO          211    i.trngHandler       adt3102_inthandler.o
    0x0000f9dc   0x00000038   Code   RO         1254    i.txPaBias          adt3102_tx.o
    0x0000fa14   0x0000002c   Code   RO         1255    i.txPaEnable        adt3102_tx.o
    0x0000fa40   0x0000001c   Code   RO          212    i.uart0Handler      adt3102_inthandler.o
    0x0000fa5c   0x0000001c   Code   RO          213    i.uart1Handler      adt3102_inthandler.o
    0x0000fa78   0x00000024   Code   RO          214    i.uart2Handler      adt3102_inthandler.o
    0x0000fa9c   0x000000b0   Code   RO         1428    i.uartInit          adt3102_uart.o
    0x0000fb4c   0x00000002   Code   RO          215    i.uartOverflowHandler  adt3102_inthandler.o
    0x0000fb4e   0x00000002   PAD
    0x0000fb50   0x00000044   Code   RO          641    i.velocityFftProcess  adt3102_dsp.o
    0x0000fb94   0x00000094   Code   RO         1256    i.vtuneRead         adt3102_tx.o
    0x0000fc28   0x00000050   Data   RO         2297    .constdata          m_ws.l(asin.o)
    0x0000fc78   0x00000088   Data   RO         2363    .constdata          m_ws.l(pow.o)
    0x0000fd00   0x00000030   Data   RO         2746    .constdata          m_ws.l(cos_i.o)
    0x0000fd30   0x00000038   Data   RO         2782    .constdata          m_ws.l(log.o)
    0x0000fd68   0x00000008   Data   RO         2792    .constdata          m_ws.l(qnan.o)
    0x0000fd70   0x000000c8   Data   RO         2795    .constdata          m_ws.l(rred.o)
    0x0000fe38   0x00000020   Data   RO         2799    .constdata          m_ws.l(rredf.o)
    0x0000fe58   0x00000028   Data   RO         2802    .constdata          m_ws.l(sin_i.o)
    0x0000fe80   0x00000020   Data   RO         2878    Region$$Table       anon$$obj.o


    Execution Region RW_IRAM1 (Base: 0x20000000, Size: 0x0002c274, Max: 0x00030000, ABSOLUTE)

    Base Addr    Size         Type   Attr      Idx    E Section Name        Object

    0x20000000   0x00000030   Data   RW           22    .data               main.o
    0x20000030   0x00000004   Data   RW           23    .data               main.o
    0x20000034   0x00000004   Data   RW           24    .data               main.o
    0x20000038   0x00000004   Data   RW           25    .data               main.o
    0x2000003c   0x00000004   Data   RW           26    .data               main.o
    0x20000040   0x00000004   Data   RW           27    .data               main.o
    0x20000044   0x00000004   Data   RW           28    .data               main.o
    0x20000048   0x00000004   Data   RW           29    .data               main.o
    0x2000004c   0x00000004   Data   RW           30    .data               main.o
    0x20000050   0x00000004   Data   RW           31    .data               main.o
    0x20000054   0x00000004   Data   RW           32    .data               main.o
    0x20000058   0x00000006   Data   RW          340    .data               proc_counting.o
    0x2000005e   0x00000001   Data   RW          471    .data               track.o
    0x2000005f   0x00000001   PAD
    0x20000060   0x00000044   Data   RW          539    .data               adt3102_adc.o
    0x200000a4   0x00000004   Data   RW          642    .data               adt3102_dsp.o
    0x200000a8   0x00000004   Data   RW         1069    .data               adt3102_system.o
    0x200000ac   0x00000004   Data   RW         1211    .data               adt3102_trng.o
    0x200000b0   0x00000001   Data   RW         1431    .data               adt3102_uart.o
    0x200000b1   0x00000003   PAD
    0x200000b4   0x00000004   Data   RW         1432    .data               adt3102_uart.o
    0x200000b8   0x00000004   Data   RW         2833    .data               mc_w.l(stderr.o)
    0x200000bc   0x00000004   Data   RW         2846    .data               mc_w.l(mvars.o)
    0x200000c0   0x00000004   Data   RW         2847    .data               mc_w.l(mvars.o)
    0x200000c4   0x00000004   Data   RW         2851    .data               mc_w.l(errno.o)
    0x200000c8   0x00000c80   Zero   RW          339    .bss                proc_counting.o
    0x20000d48   0x00001000   Zero   RW            8    HEAP                startup_cmsdk_cm3.o
    0x20001d48   0x00004000   Zero   RW            7    STACK               startup_cmsdk_cm3.o
    0x20005d48   0x00001ab8   PAD
    0x20007800   0x00000004   Zero   RW           17    .ARM.__AT_0x20007800  main.o
    0x20007804   0x000005fc   PAD
    0x20007e00   0x00000200   Zero   RW           18    .ARM.__AT_0x20007E00  main.o
    0x20008000   0x00007e00   PAD
    0x2000fe00   0x00000200   Zero   RW           19    .ARM.__AT_0x2000FE00  main.o
    0x20010000   0x00010000   PAD
    0x20020000   0x00004000   Zero   RW           20    .ARM.__AT_0x20020000  main.o
    0x20024000   0x00000c90   Zero   RW          466    .ARM.__AT_0x20024000  track.o
    0x20024c90   0x00000370   PAD
    0x20025000   0x00000970   Zero   RW           21    .ARM.__AT_0x20025000  main.o
    0x20025970   0x00001d40   Zero   RW          467    .ARM.__AT_0x20025970  track.o
    0x200276b0   0x00000950   PAD
    0x20028000   0x000024a4   Zero   RW          468    .ARM.__AT_0x20028000  track.o
    0x2002a4a4   0x0000005c   PAD
    0x2002a500   0x00000e20   Zero   RW          469    .ARM.__AT_0x2002A500  track.o
    0x2002b320   0x000000e0   PAD
    0x2002b400   0x00000e74   Zero   RW          470    .ARM.__AT_0x2002B400  track.o


==============================================================================

Image component sizes


      Code (inc. data)   RO Data    RW Data    ZI Data      Debug   Object Name

       740         70          0         68          0       9442   adt3102_adc.o
       200         26          0          0          0       1649   adt3102_dma.o
       420         28          0          4          0       4733   adt3102_dsp.o
        72         10          0          0          0       1309   adt3102_gpio.o
       404         98          0          0          0      10160   adt3102_inthandler.o
        56          6          0          0          0       1576   adt3102_memscheduling.o
       176         18          0          0          0       1935   adt3102_phase_cal.o
       434         22          0          0          0       2762   adt3102_pmu.o
        32          8          0          0          0        654   adt3102_rtc.o
      1004         82          0          0          0      12388   adt3102_rx.o
       260         28          0          0          0       2147   adt3102_sagc.o
       880        104          0          4          0       8269   adt3102_system.o
        70         14          0          0          0       2519   adt3102_timer.o
         0          0          0          4          0        327   adt3102_trng.o
      2606        218          0          0          0      18770   adt3102_tx.o
       252        132          0          5          0       5518   adt3102_uart.o
         0          0          0          0          0         32   arm_bitreversal2.o
       978         82          0          0          0       8479   db_scan.o
      1244        140          0         88      19828      21248   main.o
      1898        150          0          6       3200       8594   proc_counting.o
        36          8        180          0      20480        936   startup_cmsdk_cm3.o
       690         18          0          0          0      14967   tinyframe.o
      4184        114          0          1      27400      13741   track.o

    ----------------------------------------------------------------------
     16662       1376        212        184     180652     152155   Object Totals
         0          0         32          0          0          0   (incl. Generated)
        26          0          0          4     109744          0   (incl. Padding)

    ----------------------------------------------------------------------

      Code (inc. data)   RO Data    RW Data    ZI Data      Debug   Library Member Name

       624         52         80          0          0        168   asin.o
       292         38          0          0          0        120   asinf.o
       604         76          0          0          0        116   atan2f.o
       156          8          0          0          0        104   cos.o
       252         22         48          0          0        124   cos_i.o
       380         52          0          0          0        124   cosf.o
        68         10          0          0          0        408   dunder.o
        66          0          0          0          0         84   fmin.o
       148          4          0          0          0         88   fmod.o
       108          0          0          0          0         96   fmodf.o
        40          0          0          0          0         68   fpclassify.o
        38          0          0          0          0         68   fpclassifyf.o
        28          0          0          0          0        272   funder.o
       860         52         56          0          0        256   log.o
       228         30          0          0          0        120   log10.o
       170          0          0          0          0         96   poly.o
      2488        190        136          0          0        300   pow.o
         0          0          8          0          0          0   qnan.o
       148         12          0          0          0         88   round.o
       904         76        200          0          0        140   rred.o
       360         16         32          0          0         88   rredf.o
       160         10          0          0          0        108   sin.o
       236         12         40          0          0        128   sin_i.o
       392         54          0          0          0        124   sinf.o
        76          0          0          0          0         84   sqrt.o
        44          0          0          0          0         80   sqrtf.o
        28          0          0          0          0         76   calloc.o
         0          0          0          0          0          0   entry.o
         0          0          0          0          0          0   entry10a.o
         0          0          0          0          0          0   entry11a.o
         8          4          0          0          0          0   entry2.o
         4          0          0          0          0          0   entry5.o
         0          0          0          0          0          0   entry7b.o
         0          0          0          0          0          0   entry8b.o
         8          4          0          0          0          0   entry9a.o
        20         10          0          4          0        136   errno.o
        24          0          0          0          0         80   fputs.o
        30          0          0          0          0          0   handlers.o
        36          8          0          0          0         68   init.o
         0          0          0          0          0          0   iusefp.o
        30          0          0          0          0         68   llshl.o
        36          0          0          0          0         68   llsshr.o
        32          0          0          0          0         68   llushr.o
       188         20          0          0          0        160   malloc.o
        36          0          0          0          0         68   memcpya.o
        36          0          0          0          0        108   memseta.o
         0          0          0          8          0          0   mvars.o
        64         14          0          0          0         80   perror.o
      2226         90          0          0          0        444   printfa.o
         0          0          0          4          0          0   stderr.o
       228        196          0          0          0         68   strerror.o
        44          0          0          0          0         80   uidiv.o
        98          0          0          0          0         92   uldiv.o
        48          0          0          0          0         68   cdcmple.o
        48          0          0          0          0         68   cdrcmple.o
        20          0          0          0          0         68   cfcmple.o
        20          0          0          0          0         68   cfrcmple.o
        56          0          0          0          0         88   d2f.o
       334          0          0          0          0        148   dadd.o
        96          0          0          0          0         80   dcmp4.o
       222          0          0          0          0        100   ddiv.o
       186          0          0          0          0        176   depilogue.o
        62          0          0          0          0         80   dfixi.o
        50          0          0          0          0         76   dfixui.o
        48          0          0          0          0         68   dfixul.o
        34          0          0          0          0         76   dflti.o
        26          0          0          0          0         76   dfltui.o
       228          0          0          0          0         96   dmul.o
       134          0          0          0          0         96   drem.o
       136          4          0          0          0         92   drnd.o
        46          0          0          0          0         80   dscalb.o
       162          0          0          0          0        100   dsqrt.o
        38          0          0          0          0         68   f2d.o
       176          0          0          0          0        140   fadd.o
       124          0          0          0          0         88   fdiv.o
       110          0          0          0          0        168   fepilogue.o
        50          0          0          0          0         68   ffixi.o
        40          0          0          0          0         68   ffixui.o
        18          0          0          0          0         68   fflti.o
        10          0          0          0          0         68   ffltui.o
       100          0          0          0          0         76   fmul.o
        82          0          0          0          0         96   frem.o
        60          0          0          0          0         76   frnd.o
        24          0          0          0          0         68   fscalb.o
        94          0          0          0          0         96   fsqrt.o

    ----------------------------------------------------------------------
     14942       1064        600         16          0       7968   Library Totals
        14          0          0          0          0          0   (incl. Padding)

    ----------------------------------------------------------------------

      Code (inc. data)   RO Data    RW Data    ZI Data      Debug   Library Name

      8870        714        600          0          0       3452   m_ws.l
      3176        346          0         16          0       1664   mc_w.l
      2882          4          0          0          0       2852   mf_w.l

    ----------------------------------------------------------------------
     14942       1064        600         16          0       7968   Library Totals

    ----------------------------------------------------------------------

==============================================================================


      Code (inc. data)   RO Data    RW Data    ZI Data      Debug   

     31604       2440        812        200     180652     149147   Grand Totals
     31604       2440        812        200     180652     149147   ELF Image Totals
     31604       2440        812        200          0          0   ROM Totals

==============================================================================

    Total RO  Size (Code + RO Data)                32416 (  31.66kB)
    Total RW  Size (RW Data + ZI Data)            180852 ( 176.61kB)
    Total ROM Size (Code + RO Data + RW Data)      32616 (  31.85kB)

==============================================================================

